C:\Users\user\Documents\MCUXpressoIDE_11.8.0_1165\uart\spi_polling_master\drivers/fsl_clock.h:363:20:CLOCK_Select	16	static
C:\Users\user\Documents\MCUXpressoIDE_11.8.0_1165\uart\spi_polling_master\drivers/fsl_clock.h:395:20:CLOCK_SetCoreSysClkDiv	16	static
C:\Users\user\Documents\MCUXpressoIDE_11.8.0_1165\uart\spi_polling_master\drivers/fsl_power.h:147:20:POWER_DisablePD	16	static
../board/clock_config.c:46:6:BOARD_InitBootClocks	8	static
../board/clock_config.c:81:6:BOARD_BootClockIRC12M	16	static
../board/clock_config.c:130:6:BOARD_BootClockPll24M	16	static
