Archive member included to satisfy reference by file (symbol)

c:/nxp/mcuxpressoide_11.8.0_1165/ide/plugins/com.nxp.mcuxpresso.tools.win32_11.8.0.202306131047/tools/bin/../lib/gcc/arm-none-eabi/12.2.1/../../../../arm-none-eabi/lib/thumb/v6-m/nofp\libcr_nohost_nf.a(_cr__main.o)
                              ./startup/startup_lpc824.o (__main)
c:/nxp/mcuxpressoide_11.8.0_1165/ide/plugins/com.nxp.mcuxpresso.tools.win32_11.8.0.202306131047/tools/bin/../lib/gcc/arm-none-eabi/12.2.1/../../../../arm-none-eabi/lib/thumb/v6-m/nofp\libcr_c.a(memcpy.o)
                              ./utilities/fsl_debug_console.o (memcpy)
c:/nxp/mcuxpressoide_11.8.0_1165/ide/plugins/com.nxp.mcuxpresso.tools.win32_11.8.0.202306131047/tools/bin/../lib/gcc/arm-none-eabi/12.2.1/../../../../arm-none-eabi/lib/thumb/v6-m/nofp\libcr_c.a(memset.o)
                              ./source/spi_polling_master.o (memset)
c:/nxp/mcuxpressoide_11.8.0_1165/ide/plugins/com.nxp.mcuxpresso.tools.win32_11.8.0.202306131047/tools/bin/../lib/gcc/arm-none-eabi/12.2.1/../../../../arm-none-eabi/lib/thumb/v6-m/nofp\libcr_c.a(alloc.o)
                              ./drivers/fsl_common.o (malloc)
c:/nxp/mcuxpressoide_11.8.0_1165/ide/plugins/com.nxp.mcuxpresso.tools.win32_11.8.0.202306131047/tools/bin/../lib/gcc/arm-none-eabi/12.2.1/../../../../arm-none-eabi/lib/thumb/v6-m/nofp\libcr_c.a(errno.o)
                              ./utilities/fsl_str.o (errno)
c:/nxp/mcuxpressoide_11.8.0_1165/ide/plugins/com.nxp.mcuxpresso.tools.win32_11.8.0.202306131047/tools/bin/../lib/gcc/arm-none-eabi/12.2.1/../../../../arm-none-eabi/lib/thumb/v6-m/nofp\libcr_c.a(initio.o)
                              c:/nxp/mcuxpressoide_11.8.0_1165/ide/plugins/com.nxp.mcuxpresso.tools.win32_11.8.0.202306131047/tools/bin/../lib/gcc/arm-none-eabi/12.2.1/../../../../arm-none-eabi/lib/thumb/v6-m/nofp\libcr_nohost_nf.a(_cr__main.o) (_initio)
c:/nxp/mcuxpressoide_11.8.0_1165/ide/plugins/com.nxp.mcuxpresso.tools.win32_11.8.0.202306131047/tools/bin/../lib/gcc/arm-none-eabi/12.2.1/../../../../arm-none-eabi/lib/thumb/v6-m/nofp\libcr_c.a(scanf.o)
                              ./utilities/fsl_str.o (strtoul)
c:/nxp/mcuxpressoide_11.8.0_1165/ide/plugins/com.nxp.mcuxpresso.tools.win32_11.8.0.202306131047/tools/bin/../lib/gcc/arm-none-eabi/12.2.1/../../../../arm-none-eabi/lib/thumb/v6-m/nofp\libcr_c.a(setvbuf.o)
                              c:/nxp/mcuxpressoide_11.8.0_1165/ide/plugins/com.nxp.mcuxpresso.tools.win32_11.8.0.202306131047/tools/bin/../lib/gcc/arm-none-eabi/12.2.1/../../../../arm-none-eabi/lib/thumb/v6-m/nofp\libcr_c.a(initio.o) (setvbuf)
c:/nxp/mcuxpressoide_11.8.0_1165/ide/plugins/com.nxp.mcuxpresso.tools.win32_11.8.0.202306131047/tools/bin/../lib/gcc/arm-none-eabi/12.2.1/../../../../arm-none-eabi/lib/thumb/v6-m/nofp\libcr_c.a(strlen.o)
                              ./utilities/fsl_debug_console.o (strlen)
c:/nxp/mcuxpressoide_11.8.0_1165/ide/plugins/com.nxp.mcuxpresso.tools.win32_11.8.0.202306131047/tools/bin/../lib/gcc/arm-none-eabi/12.2.1/../../../../arm-none-eabi/lib/thumb/v6-m/nofp\libcr_c.a(ungetc.o)
                              c:/nxp/mcuxpressoide_11.8.0_1165/ide/plugins/com.nxp.mcuxpresso.tools.win32_11.8.0.202306131047/tools/bin/../lib/gcc/arm-none-eabi/12.2.1/../../../../arm-none-eabi/lib/thumb/v6-m/nofp\libcr_c.a(scanf.o) (ungetc)
c:/nxp/mcuxpressoide_11.8.0_1165/ide/plugins/com.nxp.mcuxpresso.tools.win32_11.8.0.202306131047/tools/bin/../lib/gcc/arm-none-eabi/12.2.1/../../../../arm-none-eabi/lib/thumb/v6-m/nofp\libcr_c.a(__fillbuf.o)
                              c:/nxp/mcuxpressoide_11.8.0_1165/ide/plugins/com.nxp.mcuxpresso.tools.win32_11.8.0.202306131047/tools/bin/../lib/gcc/arm-none-eabi/12.2.1/../../../../arm-none-eabi/lib/thumb/v6-m/nofp\libcr_c.a(scanf.o) (__filbuf)
c:/nxp/mcuxpressoide_11.8.0_1165/ide/plugins/com.nxp.mcuxpresso.tools.win32_11.8.0.202306131047/tools/bin/../lib/gcc/arm-none-eabi/12.2.1/../../../../arm-none-eabi/lib/thumb/v6-m/nofp\libcr_c.a(__init_alloc.o)
                              c:/nxp/mcuxpressoide_11.8.0_1165/ide/plugins/com.nxp.mcuxpresso.tools.win32_11.8.0.202306131047/tools/bin/../lib/gcc/arm-none-eabi/12.2.1/../../../../arm-none-eabi/lib/thumb/v6-m/nofp\libcr_c.a(alloc.o) (__heaps)
c:/nxp/mcuxpressoide_11.8.0_1165/ide/plugins/com.nxp.mcuxpresso.tools.win32_11.8.0.202306131047/tools/bin/../lib/gcc/arm-none-eabi/12.2.1/../../../../arm-none-eabi/lib/thumb/v6-m/nofp\libcr_c.a(_cr_sbrk.o)
                              c:/nxp/mcuxpressoide_11.8.0_1165/ide/plugins/com.nxp.mcuxpresso.tools.win32_11.8.0.202306131047/tools/bin/../lib/gcc/arm-none-eabi/12.2.1/../../../../arm-none-eabi/lib/thumb/v6-m/nofp\libcr_c.a(alloc.o) (_sbrk)
c:/nxp/mcuxpressoide_11.8.0_1165/ide/plugins/com.nxp.mcuxpresso.tools.win32_11.8.0.202306131047/tools/bin/../lib/gcc/arm-none-eabi/12.2.1/../../../../arm-none-eabi/lib/thumb/v6-m/nofp\libcr_c.a(_deferredlazyseek.o)
[...]
Memory Configuration

Name             Origin             Length             Attributes
PROGRAM_FLASH    0x00000000         0x00008000         xr
SRAM             0x10000000         0x00001fe0         xrw
IAP_SRAM         0x10001fe0         0x00000020         xrw
*default*        0x00000000         0xffffffff

Linker script and memory map

LOAD ./utilities/fsl_assert.o
LOAD ./utilities/fsl_debug_console.o
LOAD ./utilities/fsl_str.o
LOAD ./startup/startup_lpc824.o
LOAD ./source/semihost_hardfault.o
LOAD ./source/spi_polling_master.o
LOAD ./drivers/fsl_clock.o
LOAD ./drivers/fsl_common.o
LOAD ./drivers/fsl_common_arm.o
LOAD ./drivers/fsl_gpio.o
LOAD ./drivers/fsl_inputmux.o
LOAD ./drivers/fsl_power.o
LOAD ./drivers/fsl_reset.o
LOAD ./drivers/fsl_spi.o
LOAD ./drivers/fsl_swm.o
LOAD ./drivers/fsl_syscon.o
LOAD ./drivers/fsl_usart.o
LOAD ./device/system_LPC824.o
LOAD ./component/uart/fsl_adapter_miniusart.o
LOAD ./board/board.o
LOAD ./board/clock_config.o
LOAD ./board/pin_mux.o
START GROUP
LOAD c:/nxp/mcuxpressoide_11.8.0_1165/ide/plugins/com.nxp.mcuxpresso.tools.win32_11.8.0.202306131047/tools/bin/../lib/gcc/arm-none-eabi/12.2.1/../../../../arm-none-eabi/lib/thumb/v6-m/nofp\libcr_nohost_nf.a
LOAD c:/nxp/mcuxpressoide_11.8.0_1165/ide/plugins/com.nxp.mcuxpresso.tools.win32_11.8.0.202306131047/tools/bin/../lib/gcc/arm-none-eabi/12.2.1/../../../../arm-none-eabi/lib/thumb/v6-m/nofp\libcr_c.a
LOAD c:/nxp/mcuxpressoide_11.8.0_1165/ide/plugins/com.nxp.mcuxpresso.tools.win32_11.8.0.202306131047/tools/bin/../lib/gcc/arm-none-eabi/12.2.1/thumb/v6-m/nofp\libcr_eabihelpers.a
LOAD c:/nxp/mcuxpressoide_11.8.0_1165/ide/plugins/com.nxp.mcuxpresso.tools.win32_11.8.0.202306131047/tools/bin/../lib/gcc/arm-none-eabi/12.2.1/thumb/v6-m/nofp\libgcc.a
END GROUP
                0x00000000                __base_PROGRAM_FLASH = 0x0
                0x00000000                __base_Flash = 0x0
                0x00008000                __top_PROGRAM_FLASH = 0x8000
                0x00008000                __top_Flash = 0x8000
                0x10000000                __base_SRAM = 0x10000000
                0x10000000                __base_RAM = 0x10000000
                0x10001fe0                __top_SRAM = 0x10001fe0
                0x10001fe0                __top_RAM = 0x10001fe0
                0x10001fe0                __base_IAP_SRAM = 0x10001fe0
                0x10001fe0                __base_RAM2 = 0x10001fe0
                0x10002000                __top_IAP_SRAM = 0x10002000
                0x10002000                __top_RAM2 = 0x10002000

.text           0x00000000     0x3208
 FILL mask 0xff
                0x00000000                __vectors_start__ = ABSOLUTE (.)
 *(SORT_BY_ALIGNMENT(.isr_vector))
 .isr_vector    0x00000000       0xc0 ./startup/startup_lpc824.o
                0x00000000                g_pfnVectors
                0x00000000                __Vectors
                0x000000c0                . = ALIGN (0x4)
                0x000000c0                __section_table_start = .
                0x000000c0                __data_section_table = .
                0x000000c0        0x4 LONG 0x3208 LOADADDR (.data)
                0x000000c4        0x4 LONG 0x10000000 ADDR (.data)
                0x000000c8        0x4 LONG 0x4 SIZEOF (.data)
                0x000000cc        0x4 LONG 0x3208 LOADADDR (.data_RAM2)
                0x000000d0        0x4 LONG 0x10001fe0 ADDR (.data_RAM2)
                0x000000d4        0x4 LONG 0x0 SIZEOF (.data_RAM2)
                0x000000d8                __data_section_table_end = .
                0x000000d8                __bss_section_table = .
                0x000000d8        0x4 LONG 0x10000004 ADDR (.bss)
                0x000000dc        0x4 LONG 0x104 SIZEOF (.bss)
                0x000000e0        0x4 LONG 0x10001fe0 ADDR (.bss_RAM2)
                0x000000e4        0x4 LONG 0x0 SIZEOF (.bss_RAM2)
                0x000000e8                __bss_section_table_end = .
                0x000000e8                __section_table_end = .
 *(SORT_BY_ALIGNMENT(.after_vectors*))
 .after_vectors.reset
                0x000000e8       0x54 ./startup/startup_lpc824.o
                0x000000e8                ResetISR
 .after_vectors.init_data
                0x0000013c       0x12 ./startup/startup_lpc824.o
                0x0000013c                data_init
 .after_vectors.init_bss
                0x0000014e       0x10 ./startup/startup_lpc824.o
                0x0000014e                bss_init
 .after_vectors
                0x0000015e      0x10c ./startup/startup_lpc824.o
                0x0000015e                NMI_Handler
                0x00000162                SVC_Handler
                0x00000164                PendSV_Handler
                0x00000166                SysTick_Handler
                0x00000168                ADC0_OVR_DriverIRQHandler
                0x00000168                SCT0_DriverIRQHandler
                0x00000168                DMA0_DriverIRQHandler
                0x00000168                CMP_DriverIRQHandler
                0x00000168                FLASH_DriverIRQHandler
                0x00000168                Reserved39_DriverIRQHandler
                0x00000168                I2C0_DriverIRQHandler
                0x00000168                ADC0_SEQA_DriverIRQHandler
                0x00000168                I2C1_DriverIRQHandler
                0x00000168                I2C3_DriverIRQHandler
                0x00000168                BOD_DriverIRQHandler
                0x00000168                PIN_INT3_DriverIRQHandler
                0x00000168                PIN_INT2_DriverIRQHandler
                0x00000168                PIN_INT7_DriverIRQHandler
                0x00000168                I2C2_DriverIRQHandler
                0x00000168                PIN_INT0_DriverIRQHandler
                0x00000168                PIN_INT1_DriverIRQHandler
                0x00000168                WDT_DriverIRQHandler
                0x00000168                ADC0_THCMP_DriverIRQHandler
                0x00000168                Reserved18_DriverIRQHandler
                0x00000168                IntDefaultHandler
                0x00000168                PIN_INT6_DriverIRQHandler
                0x00000168                WKT_DriverIRQHandler
                0x00000168                MRT0_DriverIRQHandler
                0x00000168                PIN_INT4_DriverIRQHandler
                0x00000168                PIN_INT5_DriverIRQHandler
                0x00000168                ADC0_SEQB_DriverIRQHandler
                0x00000168                Reserved22_DriverIRQHandler
                0x0000016a                SPI0_IRQHandler
                0x00000172                SPI1_IRQHandler
                0x0000017a                Reserved18_IRQHandler
                0x00000182                USART0_IRQHandler
                0x0000018a                USART1_IRQHandler
                0x00000192                USART2_IRQHandler
                0x0000019a                Reserved22_IRQHandler
                0x000001a2                I2C1_IRQHandler
                0x000001aa                I2C0_IRQHandler
                0x000001b2                SCT0_IRQHandler
                0x000001ba                MRT0_IRQHandler
                0x000001c2                CMP_IRQHandler
                0x000001ca                WDT_IRQHandler
                0x000001d2                BOD_IRQHandler
                0x000001da                FLASH_IRQHandler
                0x000001e2                WKT_IRQHandler
                0x000001ea                ADC0_SEQA_IRQHandler
                0x000001f2                ADC0_SEQB_IRQHandler
                0x000001fa                ADC0_THCMP_IRQHandler
                0x00000202                ADC0_OVR_IRQHandler
                0x0000020a                DMA0_IRQHandler
                0x00000212                I2C2_IRQHandler
                0x0000021a                I2C3_IRQHandler
                0x00000222                Reserved39_IRQHandler
                0x0000022a                PIN_INT0_IRQHandler
                0x00000232                PIN_INT1_IRQHandler
                0x0000023a                PIN_INT2_IRQHandler
                0x00000242                PIN_INT3_IRQHandler
                0x0000024a                PIN_INT4_IRQHandler
                0x00000252                PIN_INT5_IRQHandler
                0x0000025a                PIN_INT6_IRQHandler
                0x00000262                PIN_INT7_IRQHandler
                0x000002fc                . = 0x2fc
 *fill*         0x0000026a       0x92 ff
                0x000002fc                PROVIDE (__CRP_WORD_START__ = .)
 *(SORT_BY_ALIGNMENT(.crp))
 .crp           0x000002fc        0x4 ./startup/startup_lpc824.o
                0x000002fc                CRP_WORD
                0x00000300                PROVIDE (__CRP_WORD_END__ = .)
                0x00000001                ASSERT (! ((__CRP_WORD_START__ == __CRP_WORD_END__)), Linker CRP Enabled, but no CRP_WORD provided within application)
 *(SORT_BY_ALIGNMENT(.text*))
 .text.__assertion_failed
                0x00000300       0x1c ./utilities/fsl_assert.o
                0x00000300                __assertion_failed
 .text.DbgConsole_Init
                0x0000031c       0xa8 ./utilities/fsl_debug_console.o
                0x0000031c                DbgConsole_Init
 .text.DbgConsole_Vprintf
                0x000003c4       0x40 ./utilities/fsl_debug_console.o
                0x000003c4                DbgConsole_Vprintf
 .text.DbgConsole_Putchar
                0x00000404       0x30 ./utilities/fsl_debug_console.o
                0x00000404                DbgConsole_Putchar
 .text.HardFault_Handler
                0x00000434       0x38 ./source/semihost_hardfault.o
                0x00000434                HardFault_Handler
 .text.CLOCK_EnableClock
                0x0000046c       0x30 ./source/spi_polling_master.o
 .text.CLOCK_SetClkDivider
                0x0000049c       0x30 ./source/spi_polling_master.o
 .text.main     0x000004cc       0x6c ./source/spi_polling_master.o
                0x000004cc                main
 .text.SPIMasterInit
                0x00000538       0x8c ./source/spi_polling_master.o
 .text.activateISM330
                0x000005c4       0x5c ./source/spi_polling_master.o
 .text.MasterStartTransfer
                0x00000620       0x94 ./source/spi_polling_master.o
 .text.TransferDataCheck
                0x000006b4       0x50 ./source/spi_polling_master.o
 .text.CLOCK_GetCoreSysClkFreq
                0x00000704       0x24 ./drivers/fsl_clock.o
 .text.CLOCK_GetSystemPLLFreq
                0x00000728       0x20 ./drivers/fsl_clock.o
 .text.CLOCK_GetWdtOscFreq
                0x00000748       0x14 ./drivers/fsl_clock.o
 .text.CLOCK_GetExtClkFreq
                0x0000075c       0x14 ./drivers/fsl_clock.o
 .text.CLOCK_UpdateClkSrc
                0x00000770       0x4c ./drivers/fsl_clock.o
 .text.CLOCK_GetIrcFreq
                0x000007bc       0x10 ./drivers/fsl_clock.o
                0x000007bc                CLOCK_GetIrcFreq
 .text.CLOCK_GetSysOscFreq
                0x000007cc       0x30 ./drivers/fsl_clock.o
                0x000007cc                CLOCK_GetSysOscFreq
 .text.CLOCK_GetMainClkFreq
                0x000007fc       0x68 ./drivers/fsl_clock.o
                0x000007fc                CLOCK_GetMainClkFreq
 .text.CLOCK_GetFreq
                0x00000864       0x70 ./drivers/fsl_clock.o
                0x00000864                CLOCK_GetFreq
 .text.CLOCK_GetSystemPLLInClockRate
                0x000008d4       0x5c ./drivers/fsl_clock.o
                0x000008d4                CLOCK_GetSystemPLLInClockRate
 .text.findSyestemPllPsel
                0x00000930       0x50 ./drivers/fsl_clock.o
 .text.CLOCK_InitSystemPll
                0x00000980      0x104 ./drivers/fsl_clock.o
                0x00000980                CLOCK_InitSystemPll
 .text.CLOCK_SetMainClkSrc
                0x00000a84       0x6c ./drivers/fsl_clock.o
                0x00000a84                CLOCK_SetMainClkSrc
 .text.CLOCK_EnableClock
                0x00000af0       0x30 ./drivers/fsl_gpio.o
 .text.GPIO_EnablePortClock
                0x00000b20       0x2c ./drivers/fsl_gpio.o
 .text.RESET_SetPeripheralReset
                0x00000b4c       0x48 ./drivers/fsl_reset.o
 .text.RESET_ClearPeripheralReset
                0x00000b94       0x48 ./drivers/fsl_reset.o
 .text.CLOCK_EnableClock
                0x00000bdc       0x30 ./drivers/fsl_spi.o
 .text.SPI_WriteConfigFlags
                0x00000c0c       0x2c ./drivers/fsl_spi.o
 .text.SPI_GetInstance
                0x00000c38       0x64 ./drivers/fsl_spi.o
                0x00000c38                SPI_GetInstance
 .text.SPI_SetDummyData
                0x00000c9c       0x34 ./drivers/fsl_spi.o
                0x00000c9c                SPI_SetDummyData
 .text.SPI_SetTransferDelay
                0x00000cd0       0x58 ./drivers/fsl_spi.o
                0x00000cd0                SPI_SetTransferDelay
 .text.SPI_MasterGetDefaultConfig
                0x00000d28       0x88 ./drivers/fsl_spi.o
                0x00000d28                SPI_MasterGetDefaultConfig
 .text.SPI_MasterInit
                0x00000db0      0x128 ./drivers/fsl_spi.o
                0x00000db0                SPI_MasterInit
 .text.SPI_MasterSetBaudRate
                0x00000ed8       0x70 ./drivers/fsl_spi.o
                0x00000ed8                SPI_MasterSetBaudRate
 .text.SPI_MasterTransferBlocking
                0x00000f48      0x1ec ./drivers/fsl_spi.o
                0x00000f48                SPI_MasterTransferBlocking
 .text.SPI_CommonIRQHandler
                0x00001134       0x40 ./drivers/fsl_spi.o
 .text.SPI0_DriverIRQHandler
                0x00001174       0x34 ./drivers/fsl_spi.o
                0x00001174                SPI0_DriverIRQHandler
 .text.SPI1_DriverIRQHandler
                0x000011a8       0x34 ./drivers/fsl_spi.o
                0x000011a8                SPI1_DriverIRQHandler
 .text.SWM_SetMovablePinSelect
                0x000011dc       0x98 ./drivers/fsl_swm.o
                0x000011dc                SWM_SetMovablePinSelect
 .text.CLOCK_EnableClock
                0x00001274       0x30 ./drivers/fsl_usart.o
 .text.USART_EnableContinuousSCLK
                0x000012a4       0x40 ./drivers/fsl_usart.o
 .text.USART_GetInstance
                0x000012e4       0x4c ./drivers/fsl_usart.o
                0x000012e4                USART_GetInstance
 .text.USART_Init
                0x00001330      0x12c ./drivers/fsl_usart.o
                0x00001330                USART_Init
 .text.USART_GetDefaultConfig
                0x0000145c       0x74 ./drivers/fsl_usart.o
                0x0000145c                USART_GetDefaultConfig
 .text.USART_SetBaudRate
                0x000014d0      0x148 ./drivers/fsl_usart.o
                0x000014d0                USART_SetBaudRate
 .text.USART_WriteBlocking
                0x00001618       0x64 ./drivers/fsl_usart.o
                0x00001618                USART_WriteBlocking
 .text.USART_ReadBlocking
                0x0000167c       0xc0 ./drivers/fsl_usart.o
                0x0000167c                USART_ReadBlocking
 .text.USART0_DriverIRQHandler
                0x0000173c       0x24 ./drivers/fsl_usart.o
                0x0000173c                USART0_DriverIRQHandler
 .text.USART1_DriverIRQHandler
                0x00001760       0x24 ./drivers/fsl_usart.o
                0x00001760                USART1_DriverIRQHandler
 .text.USART2_DriverIRQHandler
                0x00001784       0x24 ./drivers/fsl_usart.o
                0x00001784                USART2_DriverIRQHandler
 .text.SystemInit
                0x000017a8       0x2c ./device/system_LPC824.o
                0x000017a8                SystemInit
 .text.HAL_UartGetStatus
                0x000017d4       0x20 ./component/uart/fsl_adapter_miniusart.o
 .text.HAL_UartInit
                0x000017f4      0x11c ./component/uart/fsl_adapter_miniusart.o
                0x000017f4                HAL_UartInit
 .text.HAL_UartReceiveBlocking
                0x00001910       0x78 ./component/uart/fsl_adapter_miniusart.o
                0x00001910                HAL_UartReceiveBlocking
 .text.HAL_UartSendBlocking
                0x00001988       0x6c ./component/uart/fsl_adapter_miniusart.o
                0x00001988                HAL_UartSendBlocking
 .text.CLOCK_EnableClock
                0x000019f4       0x30 ./board/board.o
 .text.CLOCK_SetClkDivider
                0x00001a24       0x30 ./board/board.o
 .text.BOARD_InitDebugConsole
                0x00001a54       0x50 ./board/board.o
                0x00001a54                BOARD_InitDebugConsole
 .text.CLOCK_Select
                0x00001aa4       0x38 ./board/clock_config.o
 .text.CLOCK_SetCoreSysClkDiv
                0x00001adc       0x3c ./board/clock_config.o
 .text.POWER_DisablePD
                0x00001b18       0x2c ./board/clock_config.o
 .text.BOARD_BootClockIRC12M
                0x00001b44       0x64 ./board/clock_config.o
                0x00001b44                BOARD_BootClockIRC12M
 .text.CLOCK_EnableClock
                0x00001ba8       0x30 ./board/pin_mux.o
 .text.CLOCK_DisableClock
                0x00001bd8       0x34 ./board/pin_mux.o
 .text.BOARD_InitPins
                0x00001c0c       0xc0 ./board/pin_mux.o
                0x00001c0c                BOARD_InitPins
 .text._initio  0x00001ccc       0x7c c:/nxp/mcuxpressoide_11.8.0_1165/ide/plugins/com.nxp.mcuxpresso.tools.win32_11.8.0.202306131047/tools/bin/../lib/gcc/arm-none-eabi/12.2.1/../../../../arm-none-eabi/lib/thumb/v6-m/nofp\libcr_c.a(initio.o)
                0x00001ccc                _initio
 .text.setvbuf  0x00001d48       0x4c c:/nxp/mcuxpressoide_11.8.0_1165/ide/plugins/com.nxp.mcuxpresso.tools.win32_11.8.0.202306131047/tools/bin/../lib/gcc/arm-none-eabi/12.2.1/../../../../arm-none-eabi/lib/thumb/v6-m/nofp\libcr_c.a(setvbuf.o)
                0x00001d48                setvbuf
 .text.strlen   0x00001d94       0x5c c:/nxp/mcuxpressoide_11.8.0_1165/ide/plugins/com.nxp.mcuxpresso.tools.win32_11.8.0.202306131047/tools/bin/../lib/gcc/arm-none-eabi/12.2.1/../../../../arm-none-eabi/lib/thumb/v6-m/nofp\libcr_c.a(strlen.o)
                0x00001d94                strlen
 .text._deferredlazyseek
                0x00001df0       0x40 c:/nxp/mcuxpressoide_11.8.0_1165/ide/plugins/com.nxp.mcuxpresso.tools.win32_11.8.0.202306131047/tools/bin/../lib/gcc/arm-none-eabi/12.2.1/../../../../arm-none-eabi/lib/thumb/v6-m/nofp\libcr_c.a(_deferredlazyseek.o)
                0x00001df0                _deferredlazyseek
 .text._fdopen  0x00001e30       0x74 c:/nxp/mcuxpressoide_11.8.0_1165/ide/plugins/com.nxp.mcuxpresso.tools.win32_11.8.0.202306131047/tools/bin/../lib/gcc/arm-none-eabi/12.2.1/../../../../arm-none-eabi/lib/thumb/v6-m/nofp\libcr_c.a(_fdopen.o)
                0x00001e30                _fdopen
 .text._fflush  0x00001ea4       0x5c c:/nxp/mcuxpressoide_11.8.0_1165/ide/plugins/com.nxp.mcuxpresso.tools.win32_11.8.0.202306131047/tools/bin/../lib/gcc/arm-none-eabi/12.2.1/../../../../arm-none-eabi/lib/thumb/v6-m/nofp\libcr_c.a(_fflush.o)
                0x00001ea4                _fflush
 .text._Cwritebuf
                0x00001f00       0x68 c:/nxp/mcuxpressoide_11.8.0_1165/ide/plugins/com.nxp.mcuxpresso.tools.win32_11.8.0.202306131047/tools/bin/../lib/gcc/arm-none-eabi/12.2.1/../../../../arm-none-eabi/lib/thumb/v6-m/nofp\libcr_c.a(_writebuf.o)
                0x00001f00                _Cwritebuf
 .text.fclose   0x00001f68       0x5c c:/nxp/mcuxpressoide_11.8.0_1165/ide/plugins/com.nxp.mcuxpresso.tools.win32_11.8.0.202306131047/tools/bin/../lib/gcc/arm-none-eabi/12.2.1/../../../../arm-none-eabi/lib/thumb/v6-m/nofp\libcr_c.a(fclose.o)
                0x00001f68                fclose
 .text.fflush   0x00001fc4       0x40 c:/nxp/mcuxpressoide_11.8.0_1165/ide/plugins/com.nxp.mcuxpresso.tools.win32_11.8.0.202306131047/tools/bin/../lib/gcc/arm-none-eabi/12.2.1/../../../../arm-none-eabi/lib/thumb/v6-m/nofp\libcr_c.a(fflush.o)
                0x00001fc4                fflush
 .text.fseek    0x00002004       0xec c:/nxp/mcuxpressoide_11.8.0_1165/ide/plugins/com.nxp.mcuxpresso.tools.win32_11.8.0.202306131047/tools/bin/../lib/gcc/arm-none-eabi/12.2.1/../../../../arm-none-eabi/lib/thumb/v6-m/nofp\libcr_c.a(fseek.o)
                0x00002004                fseek
 .text.ftell    0x000020f0       0x4c c:/nxp/mcuxpressoide_11.8.0_1165/ide/plugins/com.nxp.mcuxpresso.tools.win32_11.8.0.202306131047/tools/bin/../lib/gcc/arm-none-eabi/12.2.1/../../../../arm-none-eabi/lib/thumb/v6-m/nofp\libcr_c.a(ftell.o)
                0x000020f0                ftell
 .text._do_fflush
                0x0000213c       0x48 c:/nxp/mcuxpressoide_11.8.0_1165/ide/plugins/com.nxp.mcuxpresso.tools.win32_11.8.0.202306131047/tools/bin/../lib/gcc/arm-none-eabi/12.2.1/../../../../arm-none-eabi/lib/thumb/v6-m/nofp\libcr_c.a(_do_fflush.o)
                0x0000213c                _do_fflush
 .text.DbgConsole_Printf
                0x00002184       0x32 ./utilities/fsl_debug_console.o
                0x00002184                DbgConsole_Printf
 .text.DbgConsole_PrintfPaddingCharacter
                0x000021b6       0x48 ./utilities/fsl_debug_console.o
 .text.DbgConsole_ConvertRadixNumToString
                0x000021fe       0xc2 ./utilities/fsl_debug_console.o
 .text.DbgConsole_PrintfFormattedData
                0x000022c0      0x3da ./utilities/fsl_debug_console.o
 .text.GPIO_PinInit
                0x0000269a       0xc0 ./drivers/fsl_gpio.o
                0x0000269a                GPIO_PinInit
 .text.RESET_PeripheralReset
                0x0000275a       0x28 ./drivers/fsl_reset.o
                0x0000275a                RESET_PeripheralReset
 .text.SPI_Enable
                0x00002782       0x3a ./drivers/fsl_spi.o
 .text.SPI_IsMaster
                0x000027bc       0x1e ./drivers/fsl_spi.o
 .text.USART_EnableTx
                0x000027da       0x46 ./drivers/fsl_usart.o
 .text.USART_EnableRx
                0x00002820       0x44 ./drivers/fsl_usart.o
 .text.SystemInitHook
                0x00002864        0xa ./device/system_LPC824.o
                0x00002864                SystemInitHook
 .text.BOARD_InitBootClocks
                0x0000286e        0xe ./board/clock_config.o
                0x0000286e                BOARD_InitBootClocks
 .text.BOARD_InitBootPins
                0x0000287c        0xe ./board/pin_mux.o
                0x0000287c                BOARD_InitBootPins
 .text.__main   0x0000288a        0xc c:/nxp/mcuxpressoide_11.8.0_1165/ide/plugins/com.nxp.mcuxpresso.tools.win32_11.8.0.202306131047/tools/bin/../lib/gcc/arm-none-eabi/12.2.1/../../../../arm-none-eabi/lib/thumb/v6-m/nofp\libcr_nohost_nf.a(_cr__main.o)
                0x0000288a                __main
 .text.memcpy   0x00002896        0x8 c:/nxp/mcuxpressoide_11.8.0_1165/ide/plugins/com.nxp.mcuxpresso.tools.win32_11.8.0.202306131047/tools/bin/../lib/gcc/arm-none-eabi/12.2.1/../../../../arm-none-eabi/lib/thumb/v6-m/nofp\libcr_c.a(memcpy.o)
                0x00002896                memcpy
 .text.memset   0x0000289e        0x8 c:/nxp/mcuxpressoide_11.8.0_1165/ide/plugins/com.nxp.mcuxpresso.tools.win32_11.8.0.202306131047/tools/bin/../lib/gcc/arm-none-eabi/12.2.1/../../../../arm-none-eabi/lib/thumb/v6-m/nofp\libcr_c.a(memset.o)
                0x0000289e                memset
 .text.free     0x000028a6       0x2c c:/nxp/mcuxpressoide_11.8.0_1165/ide/plugins/com.nxp.mcuxpresso.tools.win32_11.8.0.202306131047/tools/bin/../lib/gcc/arm-none-eabi/12.2.1/../../../../arm-none-eabi/lib/thumb/v6-m/nofp\libcr_c.a(alloc.o)
                0x000028a6                free
 .text.remove   0x000028d2       0x12 c:/nxp/mcuxpressoide_11.8.0_1165/ide/plugins/com.nxp.mcuxpresso.tools.win32_11.8.0.202306131047/tools/bin/../lib/gcc/arm-none-eabi/12.2.1/../../../../arm-none-eabi/lib/thumb/v6-m/nofp\libcr_c.a(remove.o)
                0x000028d2                remove
 .text.__aeabi_division_idivmod
                0x000028e4       0x78 c:/nxp/mcuxpressoide_11.8.0_1165/ide/plugins/com.nxp.mcuxpresso.tools.win32_11.8.0.202306131047/tools/bin/../lib/gcc/arm-none-eabi/12.2.1/thumb/v6-m/nofp\libcr_eabihelpers.a(division_32.o)
                0x000028e4                __aeabi_idivmod
                0x000028e4                __aeabi_idiv
                0x000028ea                __aeabi_uidivmod
                0x000028ea                __aeabi_uidiv
 .text.__aeabi_division_idiv0
                0x0000295c        0x2 c:/nxp/mcuxpressoide_11.8.0_1165/ide/plugins/com.nxp.mcuxpresso.tools.win32_11.8.0.202306131047/tools/bin/../lib/gcc/arm-none-eabi/12.2.1/thumb/v6-m/nofp\libcr_eabihelpers.a(division_idiv0.o)
                0x0000295c                __aeabi_idiv0
 .text.__aeabi_memcpy
                0x0000295e       0x2c c:/nxp/mcuxpressoide_11.8.0_1165/ide/plugins/com.nxp.mcuxpresso.tools.win32_11.8.0.202306131047/tools/bin/../lib/gcc/arm-none-eabi/12.2.1/thumb/v6-m/nofp\libcr_eabihelpers.a(memcpy.o)
                0x0000295e                __aeabi_memcpy4
                0x0000295e                __aeabi_memcpy8
                0x0000295e                __aeabi_memcpy
 .text.__aeabi_memset_lowlevel
                0x0000298a       0x2a c:/nxp/mcuxpressoide_11.8.0_1165/ide/plugins/com.nxp.mcuxpresso.tools.win32_11.8.0.202306131047/tools/bin/../lib/gcc/arm-none-eabi/12.2.1/thumb/v6-m/nofp\libcr_eabihelpers.a(memcpy.o)
                0x0000298a                __aeabi_lowlevel_memset
 .text.__sys_close
                0x000029b4        0x6 c:/nxp/mcuxpressoide_11.8.0_1165/ide/plugins/com.nxp.mcuxpresso.tools.win32_11.8.0.202306131047/tools/bin/../lib/gcc/arm-none-eabi/12.2.1/../../../../arm-none-eabi/lib/thumb/v6-m/nofp\libcr_nohost_nf.a(__sys_close.o)
                0x000029b4                __sys_close
 .text.__sys_flen
                0x000029ba        0x6 c:/nxp/mcuxpressoide_11.8.0_1165/ide/plugins/com.nxp.mcuxpresso.tools.win32_11.8.0.202306131047/tools/bin/../lib/gcc/arm-none-eabi/12.2.1/../../../../arm-none-eabi/lib/thumb/v6-m/nofp\libcr_nohost_nf.a(__sys_flen.o)
                0x000029ba                __sys_flen
 .text.__sys_istty
                0x000029c0        0x6 c:/nxp/mcuxpressoide_11.8.0_1165/ide/plugins/com.nxp.mcuxpresso.tools.win32_11.8.0.202306131047/tools/bin/../lib/gcc/arm-none-eabi/12.2.1/../../../../arm-none-eabi/lib/thumb/v6-m/nofp\libcr_nohost_nf.a(__sys_istty.o)
                0x000029c0                __sys_istty
 .text.__sys_remove
                0x000029c6        0x6 c:/nxp/mcuxpressoide_11.8.0_1165/ide/plugins/com.nxp.mcuxpresso.tools.win32_11.8.0.202306131047/tools/bin/../lib/gcc/arm-none-eabi/12.2.1/../../../../arm-none-eabi/lib/thumb/v6-m/nofp\libcr_nohost_nf.a(__sys_remove.o)
                0x000029c6                __sys_remove
 .text.__sys_seek
                0x000029cc        0x6 c:/nxp/mcuxpressoide_11.8.0_1165/ide/plugins/com.nxp.mcuxpresso.tools.win32_11.8.0.202306131047/tools/bin/../lib/gcc/arm-none-eabi/12.2.1/../../../../arm-none-eabi/lib/thumb/v6-m/nofp\libcr_nohost_nf.a(__sys_seek.o)
                0x000029cc                __sys_seek
 .text.__sys_tmpnam
                0x000029d2        0x6 c:/nxp/mcuxpressoide_11.8.0_1165/ide/plugins/com.nxp.mcuxpresso.tools.win32_11.8.0.202306131047/tools/bin/../lib/gcc/arm-none-eabi/12.2.1/../../../../arm-none-eabi/lib/thumb/v6-m/nofp\libcr_nohost_nf.a(__sys_tmpnam.o)
                0x000029d2                __sys_tmpnam
 .text.__sys_write
                0x000029d8        0x4 c:/nxp/mcuxpressoide_11.8.0_1165/ide/plugins/com.nxp.mcuxpresso.tools.win32_11.8.0.202306131047/tools/bin/../lib/gcc/arm-none-eabi/12.2.1/../../../../arm-none-eabi/lib/thumb/v6-m/nofp\libcr_nohost_nf.a(__sys_write.o)
                0x000029d8                __sys_write
 *(SORT_BY_ALIGNMENT(.rodata) SORT_BY_ALIGNMENT(.rodata.*) SORT_BY_ALIGNMENT(.constdata) SORT_BY_ALIGNMENT(.constdata.*))
 .rodata.__assertion_failed.str1.4
                0x000029dc       0x14 ./utilities/fsl_assert.o
 .rodata.TransferDataCheck.str1.4
                0x000029f0       0x1c ./source/spi_polling_master.o
 .rodata.CLOCK_UpdateClkSrc.str1.4
                0x00002a0c       0x16 ./drivers/fsl_clock.o
 *fill*         0x00002a22        0x2 ff
 .rodata.CLOCK_GetMainClkFreq.str1.4
                0x00002a24       0x18 ./drivers/fsl_clock.o
 .rodata.CLOCK_GetFreq
                0x00002a3c       0x20 ./drivers/fsl_clock.o
 .rodata.CLOCK_GetSystemPLLInClockRate.str1.4
                0x00002a5c       0x18 ./drivers/fsl_clock.o
 .rodata.CLOCK_InitSystemPll.str1.4
                0x00002a74       0x66 ./drivers/fsl_clock.o
 *fill*         0x00002ada        0x2 ff
 .rodata.GPIO_EnablePortClock.str1.4
                0x00002adc       0x33 ./drivers/fsl_gpio.o
 *fill*         0x00002b0f        0x1 ff
 .rodata.RESET_SetPeripheralReset.str1.4
                0x00002b10       0x1f ./drivers/fsl_reset.o
 *fill*         0x00002b2f        0x1 ff
 .rodata.RESET_ClearPeripheralReset.str1.4
                0x00002b30       0x1f ./drivers/fsl_reset.o
 *fill*         0x00002b4f        0x1 ff
 .rodata.s_spiClock
                0x00002b50        0x2 ./drivers/fsl_spi.o
 *fill*         0x00002b52        0x2 ff
 .rodata.s_spiReset
                0x00002b54        0x2 ./drivers/fsl_spi.o
 *fill*         0x00002b56        0x2 ff
 .rodata.s_spiBaseAddrs
                0x00002b58        0x8 ./drivers/fsl_spi.o
 .rodata.SPI_GetInstance.str1.4
                0x00002b60       0x58 ./drivers/fsl_spi.o
 .rodata.SPI_SetTransferDelay.str1.4
                0x00002bb8       0x1f ./drivers/fsl_spi.o
 *fill*         0x00002bd7        0x1 ff
 .rodata.SPI_MasterGetDefaultConfig.str1.4
                0x00002bd8       0x1f ./drivers/fsl_spi.o
 *fill*         0x00002bf7        0x1 ff
 .rodata.SPI_MasterInit.str1.4
                0x00002bf8       0x4d ./drivers/fsl_spi.o
 *fill*         0x00002c45        0x3 ff
 .rodata.SPI_MasterSetBaudRate.str1.4
                0x00002c48       0x51 ./drivers/fsl_spi.o
 *fill*         0x00002c99        0x3 ff
 .rodata.SPI_MasterTransferBlocking.str1.4
                0x00002c9c       0x6a ./drivers/fsl_spi.o
 *fill*         0x00002d06        0x2 ff
 .rodata.SPI0_DriverIRQHandler.str1.4
                0x00002d08       0x27 ./drivers/fsl_spi.o
 *fill*         0x00002d2f        0x1 ff
 .rodata.SPI1_DriverIRQHandler.str1.4
                0x00002d30       0x27 ./drivers/fsl_spi.o
 *fill*         0x00002d57        0x1 ff
 .rodata.SWM_SetMovablePinSelect.str1.4
                0x00002d58       0x49 ./drivers/fsl_swm.o
 *fill*         0x00002da1        0x3 ff
 .rodata.s_usartBaseAddrs
                0x00002da4        0xc ./drivers/fsl_usart.o
 .rodata.s_usartClock
                0x00002db0        0x3 ./drivers/fsl_usart.o
 *fill*         0x00002db3        0x1 ff
 .rodata.s_usartRest
                0x00002db4        0x3 ./drivers/fsl_usart.o
 *fill*         0x00002db7        0x1 ff
 .rodata.USART_GetInstance.str1.4
                0x00002db8       0x3b ./drivers/fsl_usart.o
 *fill*         0x00002df3        0x1 ff
 .rodata.USART_Init.str1.4
                0x00002df4       0x4f ./drivers/fsl_usart.o
 *fill*         0x00002e43        0x1 ff
 .rodata.USART_GetDefaultConfig.str1.4
                0x00002e44       0x21 ./drivers/fsl_usart.o
 *fill*         0x00002e65        0x3 ff
 .rodata.USART_SetBaudRate.str1.4
                0x00002e68       0x8f ./drivers/fsl_usart.o
 *fill*         0x00002ef7        0x1 ff
 .rodata.USART_WriteBlocking.str1.4
                0x00002ef8       0x36 ./drivers/fsl_usart.o
 *fill*         0x00002f2e        0x2 ff
 .rodata.USART_ReadBlocking.str1.4
                0x00002f30       0x36 ./drivers/fsl_usart.o
 *fill*         0x00002f66        0x2 ff
 .rodata.s_UsartAdapterBase
                0x00002f68        0xc ./component/uart/fsl_adapter_miniusart.o
 .rodata.HAL_UartInit.str1.4
                0x00002f74      0x108 ./component/uart/fsl_adapter_miniusart.o
 .rodata.HAL_UartReceiveBlocking.str1.4
                0x0000307c       0x71 ./component/uart/fsl_adapter_miniusart.o
 *fill*         0x000030ed        0x3 ff
 .rodata.HAL_UartSendBlocking.str1.4
                0x000030f0       0x71 ./component/uart/fsl_adapter_miniusart.o
 *fill*         0x00003161        0x3 ff
 .rodata.BOARD_InitDebugConsole.str1.4
                0x00003164       0x27 ./board/board.o
 *fill*         0x0000318b        0x1 ff
 .rodata.CLOCK_SetCoreSysClkDiv.str1.4
                0x0000318c       0x70 ./board/clock_config.o
 .rodata        0x000031fc        0x2 ./board/pin_mux.o
 *fill*         0x000031fe        0x2 ff
 .rodata.__num_Ciob_streams
                0x00003200        0x4 c:/nxp/mcuxpressoide_11.8.0_1165/ide/plugins/com.nxp.mcuxpresso.tools.win32_11.8.0.202306131047/tools/bin/../lib/gcc/arm-none-eabi/12.2.1/../../../../arm-none-eabi/lib/thumb/v6-m/nofp\libcr_nohost_nf.a(__ciob.o)
                0x00003200                __num_Ciob_streams
 .rodata._initio.str1.1
                0x00003204        0x4 c:/nxp/mcuxpressoide_11.8.0_1165/ide/plugins/com.nxp.mcuxpresso.tools.win32_11.8.0.202306131047/tools/bin/../lib/gcc/arm-none-eabi/12.2.1/../../../../arm-none-eabi/lib/thumb/v6-m/nofp\libcr_c.a(initio.o)
                0x00003208                . = ALIGN (0x4)

.glue_7         0x00003208        0x0
 .glue_7        0x00003208        0x0 linker stubs

.glue_7t        0x00003208        0x0
 .glue_7t       0x00003208        0x0 linker stubs

.vfp11_veneer   0x00003208        0x0
 .vfp11_veneer  0x00003208        0x0 linker stubs

.v4_bx          0x00003208        0x0
 .v4_bx         0x00003208        0x0 linker stubs

.iplt           0x00003208        0x0
 .iplt          0x00003208        0x0 ./utilities/fsl_assert.o

.rel.dyn        0x00003208        0x0
 .rel.iplt      0x00003208        0x0 ./utilities/fsl_assert.o

.ARM.extab
 *(SORT_BY_ALIGNMENT(.ARM.extab*) SORT_BY_ALIGNMENT(.gnu.linkonce.armextab.*))

.ARM.exidx      0x00003208        0x0
                0x00003208                __exidx_start = .
 *(SORT_BY_ALIGNMENT(.ARM.exidx*) SORT_BY_ALIGNMENT(.gnu.linkonce.armexidx.*))
                0x00003208                __exidx_end = .
                0x00003208                _etext = .

.mtb_buffer_RAM2
 *(SORT_BY_ALIGNMENT(.mtb.$RAM2*))
 *(SORT_BY_ALIGNMENT(.mtb.$IAP_SRAM*))

.data_RAM2      0x10001fe0        0x0 load address 0x00003208
 FILL mask 0xff
                [!provide]                PROVIDE (__start_data_RAM2 = .)
                [!provide]                PROVIDE (__start_data_IAP_SRAM = .)
 *(SORT_BY_ALIGNMENT(.ramfunc.$RAM2))
 *(SORT_BY_ALIGNMENT(.ramfunc.$IAP_SRAM))
 *(SORT_BY_ALIGNMENT(.data.$RAM2))
 *(SORT_BY_ALIGNMENT(.data.$IAP_SRAM))
 *(SORT_BY_ALIGNMENT(.data.$RAM2.*))
 *(SORT_BY_ALIGNMENT(.data.$IAP_SRAM.*))
                0x10001fe0                . = ALIGN (0x4)
                [!provide]                PROVIDE (__end_data_RAM2 = .)
                [!provide]                PROVIDE (__end_data_IAP_SRAM = .)

.mtb_buffer_default
 *(SORT_BY_ALIGNMENT(.mtb*))

.uninit_RESERVED
                0x10000000        0x0
                0x10000000                _start_uninit_RESERVED = .
 *(SORT_BY_ALIGNMENT(.bss.$RESERVED*))
                0x10000000                . = ALIGN (0x4)
                0x10000000                _end_uninit_RESERVED = .

.data           0x10000000        0x4 load address 0x00003208
 FILL mask 0xff
                0x10000000                _data = .
                [!provide]                PROVIDE (__start_data_RAM = .)
                [!provide]                PROVIDE (__start_data_SRAM = .)
 *(SORT_BY_ALIGNMENT(vtable))
 *(SORT_BY_ALIGNMENT(.ramfunc*))
 *(SORT_BY_ALIGNMENT(CodeQuickAccess))
 *(SORT_BY_ALIGNMENT(DataQuickAccess))
 *(SORT_BY_ALIGNMENT(RamFunction))
 *(SORT_BY_ALIGNMENT(.data*))
 .data.SystemCoreClock
                0x10000000        0x4 ./device/system_LPC824.o
                0x10000000                SystemCoreClock
                0x10000004                . = ALIGN (0x4)
                0x10000004                _edata = .
                [!provide]                PROVIDE (__end_data_RAM = .)
                [!provide]                PROVIDE (__end_data_SRAM = .)

.igot.plt       0x10000004        0x0 load address 0x0000320c
 .igot.plt      0x10000004        0x0 ./utilities/fsl_assert.o

.bss_RAM2       0x10001fe0        0x0
                [!provide]                PROVIDE (__start_bss_RAM2 = .)
                [!provide]                PROVIDE (__start_bss_IAP_SRAM = .)
 *(SORT_BY_ALIGNMENT(.bss.$RAM2))
 *(SORT_BY_ALIGNMENT(.bss.$IAP_SRAM))
 *(SORT_BY_ALIGNMENT(.bss.$RAM2.*))
 *(SORT_BY_ALIGNMENT(.bss.$IAP_SRAM.*))
                0x10001fe0                . = ALIGN ((. != 0x0)?0x4:0x1)
                [!provide]                PROVIDE (__end_bss_RAM2 = .)
                [!provide]                PROVIDE (__end_bss_IAP_SRAM = .)

.bss            0x10000004      0x104
                0x10000004                _bss = .
                [!provide]                PROVIDE (__start_bss_RAM = .)
                [!provide]                PROVIDE (__start_bss_SRAM = .)
 *(SORT_BY_ALIGNMENT(.bss*))
 .bss.s_debugConsole
                0x10000004       0x14 ./utilities/fsl_debug_console.o
 .bss.txBuffer  0x10000018        0x4 ./source/spi_polling_master.o
 .bss.rxBuffer  0x1000001c        0x4 ./source/spi_polling_master.o
 .bss.g_Ext_Clk_Freq
                0x10000020        0x4 ./drivers/fsl_clock.o
                0x10000020                g_Ext_Clk_Freq
 .bss.g_Wdt_Osc_Freq
                0x10000024        0x4 ./drivers/fsl_clock.o
                0x10000024                g_Wdt_Osc_Freq
 .bss.s_Sys_Pll_Freq
                0x10000028        0x4 ./drivers/fsl_clock.o
 .bss.s_spiHandle
                0x1000002c        0x8 ./drivers/fsl_spi.o
 .bss.s_spiMasterIsr
                0x10000034        0x4 ./drivers/fsl_spi.o
 .bss.s_spiSlaveIsr
                0x10000038        0x4 ./drivers/fsl_spi.o
 .bss.s_dummyData
                0x1000003c        0x4 ./drivers/fsl_spi.o
                0x1000003c                s_dummyData
 .bss.s_usartHandle
                0x10000040        0xc ./drivers/fsl_usart.o
 .bss.s_usartIsr
                0x1000004c        0x4 ./drivers/fsl_usart.o
 .bss.errno     0x10000050        0x4 c:/nxp/mcuxpressoide_11.8.0_1165/ide/plugins/com.nxp.mcuxpresso.tools.win32_11.8.0.202306131047/tools/bin/../lib/gcc/arm-none-eabi/12.2.1/../../../../arm-none-eabi/lib/thumb/v6-m/nofp\libcr_c.a(errno.o)
                0x10000050                errno
 .bss.__Ciob    0x10000054       0xb4 c:/nxp/mcuxpressoide_11.8.0_1165/ide/plugins/com.nxp.mcuxpresso.tools.win32_11.8.0.202306131047/tools/bin/../lib/gcc/arm-none-eabi/12.2.1/../../../../arm-none-eabi/lib/thumb/v6-m/nofp\libcr_nohost_nf.a(__ciob.o)
                0x10000054                __Ciob
 *(SORT_BY_ALIGNMENT(COMMON))
                0x10000108                . = ALIGN (0x4)
                0x10000108                _ebss = .
                [!provide]                PROVIDE (__end_bss_RAM = .)
                [!provide]                PROVIDE (__end_bss_SRAM = .)
                [!provide]                PROVIDE (end = .)

.noinit_RAM2    0x10001fe0        0x0
                [!provide]                PROVIDE (__start_noinit_RAM2 = .)
                [!provide]                PROVIDE (__start_noinit_IAP_SRAM = .)
 *(SORT_BY_ALIGNMENT(.noinit.$RAM2))
 *(SORT_BY_ALIGNMENT(.noinit.$IAP_SRAM))
 *(SORT_BY_ALIGNMENT(.noinit.$RAM2.*))
 *(SORT_BY_ALIGNMENT(.noinit.$IAP_SRAM.*))
                0x10001fe0                . = ALIGN (0x4)
                [!provide]                PROVIDE (__end_noinit_RAM2 = .)
                [!provide]                PROVIDE (__end_noinit_IAP_SRAM = .)

.noinit         0x10000108        0x0
                0x10000108                _noinit = .
                [!provide]                PROVIDE (__start_noinit_RAM = .)
                [!provide]                PROVIDE (__start_noinit_SRAM = .)
 *(SORT_BY_ALIGNMENT(.noinit*))
                0x10000108                . = ALIGN (0x4)
                0x10000108                _end_noinit = .
                [!provide]                PROVIDE (__end_noinit_RAM = .)
                [!provide]                PROVIDE (__end_noinit_SRAM = .)
                0x000001f8                _HeapSize = 0x1f8

.heap           0x10000108      0x1f8
                0x10000108                _pvHeapStart = .
                0x10000300                . = (. + _HeapSize)
 *fill*         0x10000108      0x1f8 
                0x10000300                . = ALIGN (0x4)
                0x10000300                _pvHeapLimit = .
                0x000001f8                _StackSize = 0x1f8

.heap2stackfill
                0x10000300      0x1f8
                0x100004f8                . = (. + _StackSize)
 *fill*         0x10000300      0x1f8 

.stack          0x10001de8        0x0
                0x10001de8                _vStackBase = .
                0x10001de8                . = ALIGN (0x4)
                0x10001fe0                _vStackTop = (. + _StackSize)
                0xefffd9a3                PROVIDE (__valid_user_code_checksum = (0x0 - (((_vStackTop + (ResetISR + 0x1)) + (DEFINED (NMI_Handler)?NMI_Handler:M0_NMI_Handler + 0x1)) + (DEFINED (HardFault_Handler)?HardFault_Handler:M0_HardFault_Handler + 0x1))))
                0x00000000                _image_start = LOADADDR (.text)
                0x0000320c                _image_end = (LOADADDR (.data) + SIZEOF (.data))
                0x0000320c                _image_size = (_image_end - _image_start)
OUTPUT(spi_polling_master.axf elf32-littlearm)
LOAD linker stubs

.debug_info     0x00000000     0xb1ad
 .debug_info    0x00000000       0xc4 ./utilities/fsl_assert.o
 .debug_info    0x000000c4     0x1013 ./utilities/fsl_debug_console.o
 .debug_info    0x000010d7      0x60e ./startup/startup_lpc824.o
 .debug_info    0x000016e5       0x3d ./source/semihost_hardfault.o
 .debug_info    0x00001722      0xebd ./source/spi_polling_master.o
 .debug_info    0x000025df      0xebf ./drivers/fsl_clock.o
 .debug_info    0x0000349e      0xc05 ./drivers/fsl_gpio.o
 .debug_info    0x000040a3      0x596 ./drivers/fsl_reset.o
 .debug_info    0x00004639     0x1b6d ./drivers/fsl_spi.o
 .debug_info    0x000061a6      0x57c ./drivers/fsl_swm.o
 .debug_info    0x00006722     0x19f8 ./drivers/fsl_usart.o
 .debug_info    0x0000811a      0x5f9 ./device/system_LPC824.o
 .debug_info    0x00008713      0xe0a ./component/uart/fsl_adapter_miniusart.o
 .debug_info    0x0000951d      0xa85 ./board/board.o
 .debug_info    0x00009fa2      0x6d8 ./board/clock_config.o
 .debug_info    0x0000a67a      0xb33 ./board/pin_mux.o

.debug_abbrev   0x00000000     0x206f
 .debug_abbrev  0x00000000       0x8f ./utilities/fsl_assert.o
 .debug_abbrev  0x0000008f      0x2a6 ./utilities/fsl_debug_console.o
 .debug_abbrev  0x00000335      0x1a8 ./startup/startup_lpc824.o
 .debug_abbrev  0x000004dd       0x2f ./source/semihost_hardfault.o
 .debug_abbrev  0x0000050c      0x292 ./source/spi_polling_master.o
 .debug_abbrev  0x0000079e      0x35a ./drivers/fsl_clock.o
 .debug_abbrev  0x00000af8      0x1e3 ./drivers/fsl_gpio.o
 .debug_abbrev  0x00000cdb      0x15c ./drivers/fsl_reset.o
 .debug_abbrev  0x00000e37      0x38b ./drivers/fsl_spi.o
 .debug_abbrev  0x000011c2      0x192 ./drivers/fsl_swm.o
 .debug_abbrev  0x00001354      0x365 ./drivers/fsl_usart.o
 .debug_abbrev  0x000016b9      0x18e ./device/system_LPC824.o
 .debug_abbrev  0x00001847      0x225 ./component/uart/fsl_adapter_miniusart.o
 .debug_abbrev  0x00001a6c      0x1e1 ./board/board.o
 .debug_abbrev  0x00001c4d      0x229 ./board/clock_config.o
 .debug_abbrev  0x00001e76      0x1f9 ./board/pin_mux.o

.debug_aranges  0x00000000      0x768
 .debug_aranges
                0x00000000       0x20 ./utilities/fsl_assert.o
 .debug_aranges
                0x00000020       0x78 ./utilities/fsl_debug_console.o
 .debug_aranges
                0x00000098      0x160 ./startup/startup_lpc824.o
 .debug_aranges
                0x000001f8       0x20 ./source/semihost_hardfault.o
 .debug_aranges
                0x00000218       0x58 ./source/spi_polling_master.o
 .debug_aranges
                0x00000270       0xd8 ./drivers/fsl_clock.o
 .debug_aranges
                0x00000348       0x38 ./drivers/fsl_gpio.o
 .debug_aranges
                0x00000380       0x30 ./drivers/fsl_reset.o
 .debug_aranges
                0x000003b0      0x138 ./drivers/fsl_spi.o
 .debug_aranges
                0x000004e8       0x28 ./drivers/fsl_swm.o
 .debug_aranges
                0x00000510      0x118 ./drivers/fsl_usart.o
 .debug_aranges
                0x00000628       0x40 ./device/system_LPC824.o
 .debug_aranges
                0x00000668       0x50 ./component/uart/fsl_adapter_miniusart.o
 .debug_aranges
                0x000006b8       0x30 ./board/board.o
 .debug_aranges
                0x000006e8       0x48 ./board/clock_config.o
 .debug_aranges
                0x00000730       0x38 ./board/pin_mux.o

.debug_rnglists
                0x00000000      0x560
 .debug_rnglists
                0x00000000       0x13 ./utilities/fsl_assert.o
 .debug_rnglists
                0x00000013       0x59 ./utilities/fsl_debug_console.o
 .debug_rnglists
                0x0000006c      0x103 ./startup/startup_lpc824.o
 .debug_rnglists
                0x0000016f       0x13 ./source/semihost_hardfault.o
 .debug_rnglists
                0x00000182       0x40 ./source/spi_polling_master.o
 .debug_rnglists
                0x000001c2       0xa2 ./drivers/fsl_clock.o
 .debug_rnglists
                0x00000264       0x26 ./drivers/fsl_gpio.o
 .debug_rnglists
                0x0000028a       0x1f ./drivers/fsl_reset.o
 .debug_rnglists
                0x000002a9       0xef ./drivers/fsl_spi.o
 .debug_rnglists
                0x00000398       0x1a ./drivers/fsl_swm.o
 .debug_rnglists
                0x000003b2       0xd4 ./drivers/fsl_usart.o
 .debug_rnglists
                0x00000486       0x2c ./device/system_LPC824.o
 .debug_rnglists
                0x000004b2       0x38 ./component/uart/fsl_adapter_miniusart.o
 .debug_rnglists
                0x000004ea       0x1f ./board/board.o
 .debug_rnglists
                0x00000509       0x31 ./board/clock_config.o
 .debug_rnglists
                0x0000053a       0x26 ./board/pin_mux.o

.debug_macro    0x00000000     0x79e4
 .debug_macro   0x00000000      0x13b ./utilities/fsl_assert.o
 .debug_macro   0x0000013b      0xaba ./utilities/fsl_assert.o
 .debug_macro   0x00000bf5       0x10 ./utilities/fsl_assert.o
 .debug_macro   0x00000c05       0x1c ./utilities/fsl_assert.o
 .debug_macro   0x00000c21       0x22 ./utilities/fsl_assert.o
 .debug_macro   0x00000c43      0x12e ./utilities/fsl_assert.o
 .debug_macro   0x00000d71      0x5b3 ./utilities/fsl_assert.o
 .debug_macro   0x00001324       0x22 ./utilities/fsl_assert.o
 .debug_macro   0x00001346       0x10 ./utilities/fsl_assert.o
 .debug_macro   0x00001356       0x3e ./utilities/fsl_assert.o
 .debug_macro   0x00001394       0x1c ./utilities/fsl_assert.o
 .debug_macro   0x000013b0       0x22 ./utilities/fsl_assert.o
 .debug_macro   0x000013d2       0xd1 ./utilities/fsl_assert.o
 .debug_macro   0x000014a3      0x3ad ./utilities/fsl_assert.o
 .debug_macro   0x00001850       0x28 ./utilities/fsl_assert.o
 .debug_macro   0x00001878     0x4857 ./utilities/fsl_assert.o
 .debug_macro   0x000060cf      0x1af ./utilities/fsl_assert.o
 .debug_macro   0x0000627e       0x7a ./utilities/fsl_assert.o
 .debug_macro   0x000062f8       0x9d ./utilities/fsl_assert.o
 .debug_macro   0x00006395       0xe7 ./utilities/fsl_assert.o
 .debug_macro   0x0000647c       0x16 ./utilities/fsl_assert.o
 .debug_macro   0x00006492       0x58 ./utilities/fsl_assert.o
 .debug_macro   0x000064ea       0x1c ./utilities/fsl_assert.o
 .debug_macro   0x00006506       0x1c ./utilities/fsl_assert.o
 .debug_macro   0x00006522       0x3a ./utilities/fsl_assert.o
 .debug_macro   0x0000655c      0x16b ./utilities/fsl_debug_console.o
 .debug_macro   0x000066c7       0x16 ./utilities/fsl_debug_console.o
 .debug_macro   0x000066dd       0x10 ./utilities/fsl_debug_console.o
 .debug_macro   0x000066ed       0x28 ./utilities/fsl_debug_console.o
 .debug_macro   0x00006715       0xc4 ./utilities/fsl_debug_console.o
 .debug_macro   0x000067d9       0x16 ./utilities/fsl_debug_console.o
 .debug_macro   0x000067ef       0x47 ./utilities/fsl_debug_console.o
 .debug_macro   0x00006836       0x32 ./startup/startup_lpc824.o
 .debug_macro   0x00006868       0x34 ./startup/startup_lpc824.o
 .debug_macro   0x0000689c       0x11 ./source/semihost_hardfault.o
 .debug_macro   0x000068ad      0x1a2 ./source/spi_polling_master.o
 .debug_macro   0x00006a4f       0x1c ./source/spi_polling_master.o
 .debug_macro   0x00006a6b       0x2e ./source/spi_polling_master.o
 .debug_macro   0x00006a99       0x1c ./source/spi_polling_master.o
 .debug_macro   0x00006ab5       0x10 ./source/spi_polling_master.o
 .debug_macro   0x00006ac5       0xf4 ./source/spi_polling_master.o
 .debug_macro   0x00006bb9      0x14e ./drivers/fsl_clock.o
 .debug_macro   0x00006d07      0x13a ./drivers/fsl_gpio.o
 .debug_macro   0x00006e41      0x12a ./drivers/fsl_reset.o
 .debug_macro   0x00006f6b      0x15a ./drivers/fsl_spi.o
 .debug_macro   0x000070c5      0x144 ./drivers/fsl_swm.o
 .debug_macro   0x00007209      0x139 ./drivers/fsl_usart.o
 .debug_macro   0x00007342       0x1c ./drivers/fsl_usart.o
 .debug_macro   0x0000735e       0x97 ./device/system_LPC824.o
 .debug_macro   0x000073f5      0x136 ./component/uart/fsl_adapter_miniusart.o
 .debug_macro   0x0000752b       0x22 ./component/uart/fsl_adapter_miniusart.o
 .debug_macro   0x0000754d      0x162 ./board/board.o
 .debug_macro   0x000076af       0x22 ./board/board.o
 .debug_macro   0x000076d1      0x14a ./board/clock_config.o
 .debug_macro   0x0000781b      0x159 ./board/pin_mux.o
 .debug_macro   0x00007974       0x70 ./board/pin_mux.o

.debug_line     0x00000000     0x5b2d
 .debug_line    0x00000000      0x3b0 ./utilities/fsl_assert.o
 .debug_line    0x000003b0      0x89d ./utilities/fsl_debug_console.o
 .debug_line    0x00000c4d      0x38e ./startup/startup_lpc824.o
 .debug_line    0x00000fdb       0x59 ./source/semihost_hardfault.o
 .debug_line    0x00001034      0x63a ./source/spi_polling_master.o
 .debug_line    0x0000166e      0x853 ./drivers/fsl_clock.o
 .debug_line    0x00001ec1      0x3dd ./drivers/fsl_gpio.o
 .debug_line    0x0000229e      0x38d ./drivers/fsl_reset.o
 .debug_line    0x0000262b      0xe12 ./drivers/fsl_spi.o
 .debug_line    0x0000343d      0x3d6 ./drivers/fsl_swm.o
 .debug_line    0x00003813      0xcc3 ./drivers/fsl_usart.o
 .debug_line    0x000044d6      0x3ca ./device/system_LPC824.o
 .debug_line    0x000048a0      0x548 ./component/uart/fsl_adapter_miniusart.o
 .debug_line    0x00004de8      0x47a ./board/board.o
 .debug_line    0x00005262      0x478 ./board/clock_config.o
 .debug_line    0x000056da      0x453 ./board/pin_mux.o

.debug_str      0x00000000    0x34242
 .debug_str     0x00000000    0x2de8a ./utilities/fsl_assert.o
                              0x2df26 (size before relaxing)
 .debug_str     0x0002de8a     0x19a8 ./utilities/fsl_debug_console.o
                              0x2f921 (size before relaxing)
 .debug_str     0x0002f832      0x4e9 ./startup/startup_lpc824.o
                               0x32e9 (size before relaxing)
 .debug_str     0x0002fd1b       0x1f ./source/semihost_hardfault.o
                               0x2ddf (size before relaxing)
 .debug_str     0x0002fd3a     0x150c ./source/spi_polling_master.o
                              0x30079 (size before relaxing)
 .debug_str     0x00031246      0x775 ./drivers/fsl_clock.o
                              0x2f17d (size before relaxing)
 .debug_str     0x000319bb      0x323 ./drivers/fsl_gpio.o
                              0x2ee41 (size before relaxing)
 .debug_str     0x00031cde       0x8f ./drivers/fsl_reset.o
                              0x2e237 (size before relaxing)
 .debug_str     0x00031d6d      0x8ad ./drivers/fsl_spi.o
                              0x2fdfd (size before relaxing)
 .debug_str     0x0003261a      0x7c3 ./drivers/fsl_swm.o
                              0x2e61d (size before relaxing)
 .debug_str     0x00032ddd      0xc4f ./drivers/fsl_usart.o
                              0x2fd61 (size before relaxing)
 .debug_str     0x00033a2c       0xc8 ./device/system_LPC824.o
                              0x2c966 (size before relaxing)
 .debug_str     0x00033af4       0x87 ./component/uart/fsl_adapter_miniusart.o
                              0x2f2f5 (size before relaxing)
 .debug_str     0x00033b7b       0x1c ./board/board.o
                              0x2fbf7 (size before relaxing)
 .debug_str     0x00033b97      0x329 ./board/clock_config.o
                              0x2e4ef (size before relaxing)
 .debug_str     0x00033ec0      0x382 ./board/pin_mux.o
                              0x2ece9 (size before relaxing)

.comment        0x00000000       0x45
 .comment       0x00000000       0x45 ./utilities/fsl_assert.o
                                 0x46 (size before relaxing)
 .comment       0x00000045       0x46 ./utilities/fsl_debug_console.o
 .comment       0x00000045       0x46 ./startup/startup_lpc824.o
 .comment       0x00000045       0x46 ./source/semihost_hardfault.o
 .comment       0x00000045       0x46 ./source/spi_polling_master.o
 .comment       0x00000045       0x46 ./drivers/fsl_clock.o
 .comment       0x00000045       0x46 ./drivers/fsl_gpio.o
 .comment       0x00000045       0x46 ./drivers/fsl_reset.o
 .comment       0x00000045       0x46 ./drivers/fsl_spi.o
 .comment       0x00000045       0x46 ./drivers/fsl_swm.o
 .comment       0x00000045       0x46 ./drivers/fsl_usart.o
 .comment       0x00000045       0x46 ./device/system_LPC824.o
 .comment       0x00000045       0x46 ./component/uart/fsl_adapter_miniusart.o
 .comment       0x00000045       0x46 ./board/board.o
 .comment       0x00000045       0x46 ./board/clock_config.o
 .comment       0x00000045       0x46 ./board/pin_mux.o
 .comment       0x00000045       0x46 c:/nxp/mcuxpressoide_11.8.0_1165/ide/plugins/com.nxp.mcuxpresso.tools.win32_11.8.0.202306131047/tools/bin/../lib/gcc/arm-none-eabi/12.2.1/../../../../arm-none-eabi/lib/thumb/v6-m/nofp\libcr_nohost_nf.a(_cr__main.o)
 .comment       0x00000045       0x46 c:/nxp/mcuxpressoide_11.8.0_1165/ide/plugins/com.nxp.mcuxpresso.tools.win32_11.8.0.202306131047/tools/bin/../lib/gcc/arm-none-eabi/12.2.1/../../../../arm-none-eabi/lib/thumb/v6-m/nofp\libcr_c.a(memcpy.o)
 .comment       0x00000045       0x46 c:/nxp/mcuxpressoide_11.8.0_1165/ide/plugins/com.nxp.mcuxpresso.tools.win32_11.8.0.202306131047/tools/bin/../lib/gcc/arm-none-eabi/12.2.1/../../../../arm-none-eabi/lib/thumb/v6-m/nofp\libcr_c.a(memset.o)
 .comment       0x00000045       0x46 c:/nxp/mcuxpressoide_11.8.0_1165/ide/plugins/com.nxp.mcuxpresso.tools.win32_11.8.0.202306131047/tools/bin/../lib/gcc/arm-none-eabi/12.2.1/../../../../arm-none-eabi/lib/thumb/v6-m/nofp\libcr_c.a(alloc.o)
 .comment       0x00000045       0x46 c:/nxp/mcuxpressoide_11.8.0_1165/ide/plugins/com.nxp.mcuxpresso.tools.win32_11.8.0.202306131047/tools/bin/../lib/gcc/arm-none-eabi/12.2.1/../../../../arm-none-eabi/lib/thumb/v6-m/nofp\libcr_c.a(errno.o)
 .comment       0x00000045       0x46 c:/nxp/mcuxpressoide_11.8.0_1165/ide/plugins/com.nxp.mcuxpresso.tools.win32_11.8.0.202306131047/tools/bin/../lib/gcc/arm-none-eabi/12.2.1/../../../../arm-none-eabi/lib/thumb/v6-m/nofp\libcr_c.a(initio.o)
 .comment       0x00000045       0x46 c:/nxp/mcuxpressoide_11.8.0_1165/ide/plugins/com.nxp.mcuxpresso.tools.win32_11.8.0.202306131047/tools/bin/../lib/gcc/arm-none-eabi/12.2.1/../../../../arm-none-eabi/lib/thumb/v6-m/nofp\libcr_c.a(setvbuf.o)
 .comment       0x00000045       0x46 c:/nxp/mcuxpressoide_11.8.0_1165/ide/plugins/com.nxp.mcuxpresso.tools.win32_11.8.0.202306131047/tools/bin/../lib/gcc/arm-none-eabi/12.2.1/../../../../arm-none-eabi/lib/thumb/v6-m/nofp\libcr_c.a(strlen.o)
 .comment       0x00000045       0x46 c:/nxp/mcuxpressoide_11.8.0_1165/ide/plugins/com.nxp.mcuxpresso.tools.win32_11.8.0.202306131047/tools/bin/../lib/gcc/arm-none-eabi/12.2.1/../../../../arm-none-eabi/lib/thumb/v6-m/nofp\libcr_c.a(_deferredlazyseek.o)
 .comment       0x00000045       0x46 c:/nxp/mcuxpressoide_11.8.0_1165/ide/plugins/com.nxp.mcuxpresso.tools.win32_11.8.0.202306131047/tools/bin/../lib/gcc/arm-none-eabi/12.2.1/../../../../arm-none-eabi/lib/thumb/v6-m/nofp\libcr_c.a(_fdopen.o)
 .comment       0x00000045       0x46 c:/nxp/mcuxpressoide_11.8.0_1165/ide/plugins/com.nxp.mcuxpresso.tools.win32_11.8.0.202306131047/tools/bin/../lib/gcc/arm-none-eabi/12.2.1/../../../../arm-none-eabi/lib/thumb/v6-m/nofp\libcr_c.a(_fflush.o)
 .comment       0x00000045       0x46 c:/nxp/mcuxpressoide_11.8.0_1165/ide/plugins/com.nxp.mcuxpresso.tools.win32_11.8.0.202306131047/tools/bin/../lib/gcc/arm-none-eabi/12.2.1/../../../../arm-none-eabi/lib/thumb/v6-m/nofp\libcr_c.a(_writebuf.o)
 .comment       0x00000045       0x46 c:/nxp/mcuxpressoide_11.8.0_1165/ide/plugins/com.nxp.mcuxpresso.tools.win32_11.8.0.202306131047/tools/bin/../lib/gcc/arm-none-eabi/12.2.1/../../../../arm-none-eabi/lib/thumb/v6-m/nofp\libcr_c.a(fclose.o)
 .comment       0x00000045       0x46 c:/nxp/mcuxpressoide_11.8.0_1165/ide/plugins/com.nxp.mcuxpresso.tools.win32_11.8.0.202306131047/tools/bin/../lib/gcc/arm-none-eabi/12.2.1/../../../../arm-none-eabi/lib/thumb/v6-m/nofp\libcr_c.a(fflush.o)
 .comment       0x00000045       0x46 c:/nxp/mcuxpressoide_11.8.0_1165/ide/plugins/com.nxp.mcuxpresso.tools.win32_11.8.0.202306131047/tools/bin/../lib/gcc/arm-none-eabi/12.2.1/../../../../arm-none-eabi/lib/thumb/v6-m/nofp\libcr_c.a(fseek.o)
 .comment       0x00000045       0x46 c:/nxp/mcuxpressoide_11.8.0_1165/ide/plugins/com.nxp.mcuxpresso.tools.win32_11.8.0.202306131047/tools/bin/../lib/gcc/arm-none-eabi/12.2.1/../../../../arm-none-eabi/lib/thumb/v6-m/nofp\libcr_c.a(ftell.o)
 .comment       0x00000045       0x46 c:/nxp/mcuxpressoide_11.8.0_1165/ide/plugins/com.nxp.mcuxpresso.tools.win32_11.8.0.202306131047/tools/bin/../lib/gcc/arm-none-eabi/12.2.1/../../../../arm-none-eabi/lib/thumb/v6-m/nofp\libcr_c.a(remove.o)
 .comment       0x00000045       0x46 c:/nxp/mcuxpressoide_11.8.0_1165/ide/plugins/com.nxp.mcuxpresso.tools.win32_11.8.0.202306131047/tools/bin/../lib/gcc/arm-none-eabi/12.2.1/../../../../arm-none-eabi/lib/thumb/v6-m/nofp\libcr_c.a(_do_fflush.o)
 .comment       0x00000045       0x46 c:/nxp/mcuxpressoide_11.8.0_1165/ide/plugins/com.nxp.mcuxpresso.tools.win32_11.8.0.202306131047/tools/bin/../lib/gcc/arm-none-eabi/12.2.1/../../../../arm-none-eabi/lib/thumb/v6-m/nofp\libcr_nohost_nf.a(__ciob.o)
 .comment       0x00000045       0x46 c:/nxp/mcuxpressoide_11.8.0_1165/ide/plugins/com.nxp.mcuxpresso.tools.win32_11.8.0.202306131047/tools/bin/../lib/gcc/arm-none-eabi/12.2.1/../../../../arm-none-eabi/lib/thumb/v6-m/nofp\libcr_nohost_nf.a(__sys_close.o)
 .comment       0x00000045       0x46 c:/nxp/mcuxpressoide_11.8.0_1165/ide/plugins/com.nxp.mcuxpresso.tools.win32_11.8.0.202306131047/tools/bin/../lib/gcc/arm-none-eabi/12.2.1/../../../../arm-none-eabi/lib/thumb/v6-m/nofp\libcr_nohost_nf.a(__sys_flen.o)
 .comment       0x00000045       0x46 c:/nxp/mcuxpressoide_11.8.0_1165/ide/plugins/com.nxp.mcuxpresso.tools.win32_11.8.0.202306131047/tools/bin/../lib/gcc/arm-none-eabi/12.2.1/../../../../arm-none-eabi/lib/thumb/v6-m/nofp\libcr_nohost_nf.a(__sys_istty.o)
 .comment       0x00000045       0x46 c:/nxp/mcuxpressoide_11.8.0_1165/ide/plugins/com.nxp.mcuxpresso.tools.win32_11.8.0.202306131047/tools/bin/../lib/gcc/arm-none-eabi/12.2.1/../../../../arm-none-eabi/lib/thumb/v6-m/nofp\libcr_nohost_nf.a(__sys_remove.o)
 .comment       0x00000045       0x46 c:/nxp/mcuxpressoide_11.8.0_1165/ide/plugins/com.nxp.mcuxpresso.tools.win32_11.8.0.202306131047/tools/bin/../lib/gcc/arm-none-eabi/12.2.1/../../../../arm-none-eabi/lib/thumb/v6-m/nofp\libcr_nohost_nf.a(__sys_seek.o)
 .comment       0x00000045       0x46 c:/nxp/mcuxpressoide_11.8.0_1165/ide/plugins/com.nxp.mcuxpresso.tools.win32_11.8.0.202306131047/tools/bin/../lib/gcc/arm-none-eabi/12.2.1/../../../../arm-none-eabi/lib/thumb/v6-m/nofp\libcr_nohost_nf.a(__sys_tmpnam.o)
 .comment       0x00000045       0x46 c:/nxp/mcuxpressoide_11.8.0_1165/ide/plugins/com.nxp.mcuxpresso.tools.win32_11.8.0.202306131047/tools/bin/../lib/gcc/arm-none-eabi/12.2.1/../../../../arm-none-eabi/lib/thumb/v6-m/nofp\libcr_nohost_nf.a(__sys_write.o)

.ARM.attributes
                0x00000000       0x2a
 .ARM.attributes
                0x00000000       0x2c ./utilities/fsl_assert.o
 .ARM.attributes
                0x0000002c       0x2c ./utilities/fsl_debug_console.o
 .ARM.attributes
                0x00000058       0x2c ./startup/startup_lpc824.o
 .ARM.attributes
                0x00000084       0x2c ./source/semihost_hardfault.o
 .ARM.attributes
                0x000000b0       0x2c ./source/spi_polling_master.o
 .ARM.attributes
                0x000000dc       0x2c ./drivers/fsl_clock.o
 .ARM.attributes
                0x00000108       0x2c ./drivers/fsl_gpio.o
 .ARM.attributes
                0x00000134       0x2c ./drivers/fsl_reset.o
 .ARM.attributes
                0x00000160       0x2c ./drivers/fsl_spi.o
 .ARM.attributes
                0x0000018c       0x2c ./drivers/fsl_swm.o
 .ARM.attributes
                0x000001b8       0x2c ./drivers/fsl_usart.o
 .ARM.attributes
                0x000001e4       0x2c ./device/system_LPC824.o
 .ARM.attributes
                0x00000210       0x2c ./component/uart/fsl_adapter_miniusart.o
 .ARM.attributes
                0x0000023c       0x2c ./board/board.o
 .ARM.attributes
                0x00000268       0x2c ./board/clock_config.o
 .ARM.attributes
                0x00000294       0x2c ./board/pin_mux.o
 .ARM.attributes
                0x000002c0       0x2c c:/nxp/mcuxpressoide_11.8.0_1165/ide/plugins/com.nxp.mcuxpresso.tools.win32_11.8.0.202306131047/tools/bin/../lib/gcc/arm-none-eabi/12.2.1/../../../../arm-none-eabi/lib/thumb/v6-m/nofp\libcr_nohost_nf.a(_cr__main.o)
 .ARM.attributes
                0x000002ec       0x2c c:/nxp/mcuxpressoide_11.8.0_1165/ide/plugins/com.nxp.mcuxpresso.tools.win32_11.8.0.202306131047/tools/bin/../lib/gcc/arm-none-eabi/12.2.1/../../../../arm-none-eabi/lib/thumb/v6-m/nofp\libcr_c.a(memcpy.o)
 .ARM.attributes
                0x00000318       0x2c c:/nxp/mcuxpressoide_11.8.0_1165/ide/plugins/com.nxp.mcuxpresso.tools.win32_11.8.0.202306131047/tools/bin/../lib/gcc/arm-none-eabi/12.2.1/../../../../arm-none-eabi/lib/thumb/v6-m/nofp\libcr_c.a(memset.o)
 .ARM.attributes
                0x00000344       0x2c c:/nxp/mcuxpressoide_11.8.0_1165/ide/plugins/com.nxp.mcuxpresso.tools.win32_11.8.0.202306131047/tools/bin/../lib/gcc/arm-none-eabi/12.2.1/../../../../arm-none-eabi/lib/thumb/v6-m/nofp\libcr_c.a(alloc.o)
 .ARM.attributes
                0x00000370       0x2c c:/nxp/mcuxpressoide_11.8.0_1165/ide/plugins/com.nxp.mcuxpresso.tools.win32_11.8.0.202306131047/tools/bin/../lib/gcc/arm-none-eabi/12.2.1/../../../../arm-none-eabi/lib/thumb/v6-m/nofp\libcr_c.a(errno.o)
 .ARM.attributes
                0x0000039c       0x2c c:/nxp/mcuxpressoide_11.8.0_1165/ide/plugins/com.nxp.mcuxpresso.tools.win32_11.8.0.202306131047/tools/bin/../lib/gcc/arm-none-eabi/12.2.1/../../../../arm-none-eabi/lib/thumb/v6-m/nofp\libcr_c.a(initio.o)
 .ARM.attributes
                0x000003c8       0x2c c:/nxp/mcuxpressoide_11.8.0_1165/ide/plugins/com.nxp.mcuxpresso.tools.win32_11.8.0.202306131047/tools/bin/../lib/gcc/arm-none-eabi/12.2.1/../../../../arm-none-eabi/lib/thumb/v6-m/nofp\libcr_c.a(setvbuf.o)
 .ARM.attributes
                0x000003f4       0x2c c:/nxp/mcuxpressoide_11.8.0_1165/ide/plugins/com.nxp.mcuxpresso.tools.win32_11.8.0.202306131047/tools/bin/../lib/gcc/arm-none-eabi/12.2.1/../../../../arm-none-eabi/lib/thumb/v6-m/nofp\libcr_c.a(strlen.o)
 .ARM.attributes
                0x00000420       0x2c c:/nxp/mcuxpressoide_11.8.0_1165/ide/plugins/com.nxp.mcuxpresso.tools.win32_11.8.0.202306131047/tools/bin/../lib/gcc/arm-none-eabi/12.2.1/../../../../arm-none-eabi/lib/thumb/v6-m/nofp\libcr_c.a(_deferredlazyseek.o)
 .ARM.attributes
                0x0000044c       0x2c c:/nxp/mcuxpressoide_11.8.0_1165/ide/plugins/com.nxp.mcuxpresso.tools.win32_11.8.0.202306131047/tools/bin/../lib/gcc/arm-none-eabi/12.2.1/../../../../arm-none-eabi/lib/thumb/v6-m/nofp\libcr_c.a(_fdopen.o)
 .ARM.attributes
                0x00000478       0x2c c:/nxp/mcuxpressoide_11.8.0_1165/ide/plugins/com.nxp.mcuxpresso.tools.win32_11.8.0.202306131047/tools/bin/../lib/gcc/arm-none-eabi/12.2.1/../../../../arm-none-eabi/lib/thumb/v6-m/nofp\libcr_c.a(_fflush.o)
 .ARM.attributes
                0x000004a4       0x2c c:/nxp/mcuxpressoide_11.8.0_1165/ide/plugins/com.nxp.mcuxpresso.tools.win32_11.8.0.202306131047/tools/bin/../lib/gcc/arm-none-eabi/12.2.1/../../../../arm-none-eabi/lib/thumb/v6-m/nofp\libcr_c.a(_writebuf.o)
 .ARM.attributes
                0x000004d0       0x2c c:/nxp/mcuxpressoide_11.8.0_1165/ide/plugins/com.nxp.mcuxpresso.tools.win32_11.8.0.202306131047/tools/bin/../lib/gcc/arm-none-eabi/12.2.1/../../../../arm-none-eabi/lib/thumb/v6-m/nofp\libcr_c.a(fclose.o)
 .ARM.attributes
                0x000004fc       0x2c c:/nxp/mcuxpressoide_11.8.0_1165/ide/plugins/com.nxp.mcuxpresso.tools.win32_11.8.0.202306131047/tools/bin/../lib/gcc/arm-none-eabi/12.2.1/../../../../arm-none-eabi/lib/thumb/v6-m/nofp\libcr_c.a(fflush.o)
 .ARM.attributes
                0x00000528       0x2c c:/nxp/mcuxpressoide_11.8.0_1165/ide/plugins/com.nxp.mcuxpresso.tools.win32_11.8.0.202306131047/tools/bin/../lib/gcc/arm-none-eabi/12.2.1/../../../../arm-none-eabi/lib/thumb/v6-m/nofp\libcr_c.a(fseek.o)
 .ARM.attributes
                0x00000554       0x2c c:/nxp/mcuxpressoide_11.8.0_1165/ide/plugins/com.nxp.mcuxpresso.tools.win32_11.8.0.202306131047/tools/bin/../lib/gcc/arm-none-eabi/12.2.1/../../../../arm-none-eabi/lib/thumb/v6-m/nofp\libcr_c.a(ftell.o)
 .ARM.attributes
                0x00000580       0x2c c:/nxp/mcuxpressoide_11.8.0_1165/ide/plugins/com.nxp.mcuxpresso.tools.win32_11.8.0.202306131047/tools/bin/../lib/gcc/arm-none-eabi/12.2.1/../../../../arm-none-eabi/lib/thumb/v6-m/nofp\libcr_c.a(remove.o)
 .ARM.attributes
                0x000005ac       0x2c c:/nxp/mcuxpressoide_11.8.0_1165/ide/plugins/com.nxp.mcuxpresso.tools.win32_11.8.0.202306131047/tools/bin/../lib/gcc/arm-none-eabi/12.2.1/../../../../arm-none-eabi/lib/thumb/v6-m/nofp\libcr_c.a(_do_fflush.o)
 .ARM.attributes
                0x000005d8       0x1c c:/nxp/mcuxpressoide_11.8.0_1165/ide/plugins/com.nxp.mcuxpresso.tools.win32_11.8.0.202306131047/tools/bin/../lib/gcc/arm-none-eabi/12.2.1/thumb/v6-m/nofp\libcr_eabihelpers.a(division_32.o)
 .ARM.attributes
                0x000005f4       0x1c c:/nxp/mcuxpressoide_11.8.0_1165/ide/plugins/com.nxp.mcuxpresso.tools.win32_11.8.0.202306131047/tools/bin/../lib/gcc/arm-none-eabi/12.2.1/thumb/v6-m/nofp\libcr_eabihelpers.a(division_idiv0.o)
 .ARM.attributes
                0x00000610       0x1c c:/nxp/mcuxpressoide_11.8.0_1165/ide/plugins/com.nxp.mcuxpresso.tools.win32_11.8.0.202306131047/tools/bin/../lib/gcc/arm-none-eabi/12.2.1/thumb/v6-m/nofp\libcr_eabihelpers.a(memcpy.o)
 .ARM.attributes
                0x0000062c       0x2c c:/nxp/mcuxpressoide_11.8.0_1165/ide/plugins/com.nxp.mcuxpresso.tools.win32_11.8.0.202306131047/tools/bin/../lib/gcc/arm-none-eabi/12.2.1/../../../../arm-none-eabi/lib/thumb/v6-m/nofp\libcr_nohost_nf.a(__ciob.o)
 .ARM.attributes
                0x00000658       0x2c c:/nxp/mcuxpressoide_11.8.0_1165/ide/plugins/com.nxp.mcuxpresso.tools.win32_11.8.0.202306131047/tools/bin/../lib/gcc/arm-none-eabi/12.2.1/../../../../arm-none-eabi/lib/thumb/v6-m/nofp\libcr_nohost_nf.a(__sys_close.o)
 .ARM.attributes
                0x00000684       0x2c c:/nxp/mcuxpressoide_11.8.0_1165/ide/plugins/com.nxp.mcuxpresso.tools.win32_11.8.0.202306131047/tools/bin/../lib/gcc/arm-none-eabi/12.2.1/../../../../arm-none-eabi/lib/thumb/v6-m/nofp\libcr_nohost_nf.a(__sys_flen.o)
 .ARM.attributes
                0x000006b0       0x2c c:/nxp/mcuxpressoide_11.8.0_1165/ide/plugins/com.nxp.mcuxpresso.tools.win32_11.8.0.202306131047/tools/bin/../lib/gcc/arm-none-eabi/12.2.1/../../../../arm-none-eabi/lib/thumb/v6-m/nofp\libcr_nohost_nf.a(__sys_istty.o)
 .ARM.attributes
                0x000006dc       0x2c c:/nxp/mcuxpressoide_11.8.0_1165/ide/plugins/com.nxp.mcuxpresso.tools.win32_11.8.0.202306131047/tools/bin/../lib/gcc/arm-none-eabi/12.2.1/../../../../arm-none-eabi/lib/thumb/v6-m/nofp\libcr_nohost_nf.a(__sys_remove.o)
 .ARM.attributes
                0x00000708       0x2c c:/nxp/mcuxpressoide_11.8.0_1165/ide/plugins/com.nxp.mcuxpresso.tools.win32_11.8.0.202306131047/tools/bin/../lib/gcc/arm-none-eabi/12.2.1/../../../../arm-none-eabi/lib/thumb/v6-m/nofp\libcr_nohost_nf.a(__sys_seek.o)
 .ARM.attributes
                0x00000734       0x2c c:/nxp/mcuxpressoide_11.8.0_1165/ide/plugins/com.nxp.mcuxpresso.tools.win32_11.8.0.202306131047/tools/bin/../lib/gcc/arm-none-eabi/12.2.1/../../../../arm-none-eabi/lib/thumb/v6-m/nofp\libcr_nohost_nf.a(__sys_tmpnam.o)
 .ARM.attributes
                0x00000760       0x2c c:/nxp/mcuxpressoide_11.8.0_1165/ide/plugins/com.nxp.mcuxpresso.tools.win32_11.8.0.202306131047/tools/bin/../lib/gcc/arm-none-eabi/12.2.1/../../../../arm-none-eabi/lib/thumb/v6-m/nofp\libcr_nohost_nf.a(__sys_write.o)

.debug_frame    0x00000000     0x16c8
 .debug_frame   0x00000000       0x30 ./utilities/fsl_assert.o
 .debug_frame   0x00000030      0x190 ./utilities/fsl_debug_console.o
 .debug_frame   0x000001c0      0x3a8 ./startup/startup_lpc824.o
 .debug_frame   0x00000568       0x20 ./source/semihost_hardfault.o
 .debug_frame   0x00000588      0x110 ./source/spi_polling_master.o
 .debug_frame   0x00000698      0x2f4 ./drivers/fsl_clock.o
 .debug_frame   0x0000098c       0x90 ./drivers/fsl_gpio.o
 .debug_frame   0x00000a1c       0x70 ./drivers/fsl_reset.o
 .debug_frame   0x00000a8c      0x488 ./drivers/fsl_spi.o
 .debug_frame   0x00000f14       0x50 ./drivers/fsl_swm.o
 .debug_frame   0x00000f64      0x404 ./drivers/fsl_usart.o
 .debug_frame   0x00001368       0xa8 ./device/system_LPC824.o
 .debug_frame   0x00001410       0xf0 ./component/uart/fsl_adapter_miniusart.o
 .debug_frame   0x00001500       0x70 ./board/board.o
 .debug_frame   0x00001570       0xcc ./board/clock_config.o
 .debug_frame   0x0000163c       0x8c ./board/pin_mux.o

.debug_loclists
                0x00000000      0x104
 .debug_loclists
                0x00000000      0x104 ./startup/startup_lpc824.o

Cross Reference Table

Symbol                                            File
ADC0_OVR_DriverIRQHandler                         ./startup/startup_lpc824.o
ADC0_OVR_IRQHandler                               ./startup/startup_lpc824.o
ADC0_SEQA_DriverIRQHandler                        ./startup/startup_lpc824.o
ADC0_SEQA_IRQHandler                              ./startup/startup_lpc824.o
ADC0_SEQB_DriverIRQHandler                        ./startup/startup_lpc824.o
ADC0_SEQB_IRQHandler                              ./startup/startup_lpc824.o
ADC0_THCMP_DriverIRQHandler                       ./startup/startup_lpc824.o
ADC0_THCMP_IRQHandler                             ./startup/startup_lpc824.o
BOARD_BootClockIRC12M                             ./board/clock_config.o
BOARD_BootClockPll24M                             ./board/clock_config.o
BOARD_InitBootClocks                              ./board/clock_config.o
                                                  ./source/spi_polling_master.o
BOARD_InitBootPins                                ./board/pin_mux.o
                                                  ./source/spi_polling_master.o
BOARD_InitDebugConsole                            ./board/board.o
                                                  ./source/spi_polling_master.o
BOARD_InitPins                                    ./board/pin_mux.o
BOD_DriverIRQHandler                              ./startup/startup_lpc824.o
BOD_IRQHandler                                    ./startup/startup_lpc824.o
CLOCK_GetClockOutClkFreq                          ./drivers/fsl_clock.o
CLOCK_GetFreq                                     ./drivers/fsl_clock.o
                                                  ./source/spi_polling_master.o
CLOCK_GetIrcFreq                                  ./drivers/fsl_clock.o
CLOCK_GetMainClkFreq                              ./drivers/fsl_clock.o
                                                  ./board/board.o
CLOCK_GetSysOscFreq                               ./drivers/fsl_clock.o
CLOCK_GetSystemPLLInClockRate                     ./drivers/fsl_clock.o
CLOCK_GetUart0ClkFreq                             ./drivers/fsl_clock.o
CLOCK_GetUart1ClkFreq                             ./drivers/fsl_clock.o
CLOCK_GetUart2ClkFreq                             ./drivers/fsl_clock.o
CLOCK_GetUartClkFreq                              ./drivers/fsl_clock.o
CLOCK_InitExtClkin                                ./drivers/fsl_clock.o
CLOCK_InitSysOsc                                  ./drivers/fsl_clock.o
CLOCK_InitSystemPll                               ./drivers/fsl_clock.o
                                                  ./board/clock_config.o
CLOCK_InitWdtOsc                                  ./drivers/fsl_clock.o
CLOCK_InitXtalin                                  ./drivers/fsl_clock.o
CLOCK_SetMainClkSrc                               ./drivers/fsl_clock.o
                                                  ./board/clock_config.o
CLOCK_SetUARTFRGClkFreq                           ./drivers/fsl_clock.o
CLOCK_UpdateClkOUTsrc                             ./drivers/fsl_clock.o
CMP_DriverIRQHandler                              ./startup/startup_lpc824.o
CMP_IRQHandler                                    ./startup/startup_lpc824.o
CRP_WORD                                          ./startup/startup_lpc824.o
DMA0_DriverIRQHandler                             ./startup/startup_lpc824.o
DMA0_IRQHandler                                   ./startup/startup_lpc824.o
DbgConsole_Deinit                                 ./utilities/fsl_debug_console.o
DbgConsole_EnterLowpower                          ./utilities/fsl_debug_console.o
DbgConsole_ExitLowpower                           ./utilities/fsl_debug_console.o
DbgConsole_Getchar                                ./utilities/fsl_debug_console.o
DbgConsole_Init                                   ./utilities/fsl_debug_console.o
                                                  ./board/board.o
DbgConsole_Printf                                 ./utilities/fsl_debug_console.o
                                                  ./drivers/fsl_spi.o
                                                  ./source/spi_polling_master.o
                                                  ./utilities/fsl_assert.o
DbgConsole_Putchar                                ./utilities/fsl_debug_console.o
DbgConsole_Scanf                                  ./utilities/fsl_debug_console.o
DbgConsole_Vprintf                                ./utilities/fsl_debug_console.o
DisableDeepSleepIRQ                               ./drivers/fsl_power.o
EnableDeepSleepIRQ                                ./drivers/fsl_power.o
ExtClockIn                                        ./board/board.o
FLASH_DriverIRQHandler                            ./startup/startup_lpc824.o
FLASH_IRQHandler                                  ./startup/startup_lpc824.o
GPIO_PinInit                                      ./drivers/fsl_gpio.o
                                                  ./board/pin_mux.o
GPIO_PortInit                                     ./drivers/fsl_gpio.o
HAL_UartDeinit                                    ./component/uart/fsl_adapter_miniusart.o
                                                  ./utilities/fsl_debug_console.o
HAL_UartEnterLowpower                             ./component/uart/fsl_adapter_miniusart.o
                                                  ./utilities/fsl_debug_console.o
HAL_UartExitLowpower                              ./component/uart/fsl_adapter_miniusart.o
                                                  ./utilities/fsl_debug_console.o
HAL_UartInit                                      ./component/uart/fsl_adapter_miniusart.o
                                                  ./utilities/fsl_debug_console.o
HAL_UartReceiveBlocking                           ./component/uart/fsl_adapter_miniusart.o
                                                  ./utilities/fsl_debug_console.o
HAL_UartSendBlocking                              ./component/uart/fsl_adapter_miniusart.o
                                                  ./utilities/fsl_debug_console.o
HardFault_Handler                                 ./source/semihost_hardfault.o
                                                  ./startup/startup_lpc824.o
I2C0_DriverIRQHandler                             ./startup/startup_lpc824.o
I2C0_IRQHandler                                   ./startup/startup_lpc824.o
I2C1_DriverIRQHandler                             ./startup/startup_lpc824.o
I2C1_IRQHandler                                   ./startup/startup_lpc824.o
I2C2_DriverIRQHandler                             ./startup/startup_lpc824.o
I2C2_IRQHandler                                   ./startup/startup_lpc824.o
I2C3_DriverIRQHandler                             ./startup/startup_lpc824.o
I2C3_IRQHandler                                   ./startup/startup_lpc824.o
INPUTMUX_AttachSignal                             ./drivers/fsl_inputmux.o
INPUTMUX_Deinit                                   ./drivers/fsl_inputmux.o
INPUTMUX_Init                                     ./drivers/fsl_inputmux.o
IntDefaultHandler                                 ./startup/startup_lpc824.o
MRT0_DriverIRQHandler                             ./startup/startup_lpc824.o
MRT0_IRQHandler                                   ./startup/startup_lpc824.o
NMI_Handler                                       ./startup/startup_lpc824.o
PIN_INT0_DriverIRQHandler                         ./startup/startup_lpc824.o
PIN_INT0_IRQHandler                               ./startup/startup_lpc824.o
PIN_INT1_DriverIRQHandler                         ./startup/startup_lpc824.o
PIN_INT1_IRQHandler                               ./startup/startup_lpc824.o
PIN_INT2_DriverIRQHandler                         ./startup/startup_lpc824.o
PIN_INT2_IRQHandler                               ./startup/startup_lpc824.o
PIN_INT3_DriverIRQHandler                         ./startup/startup_lpc824.o
PIN_INT3_IRQHandler                               ./startup/startup_lpc824.o
PIN_INT4_DriverIRQHandler                         ./startup/startup_lpc824.o
PIN_INT4_IRQHandler                               ./startup/startup_lpc824.o
PIN_INT5_DriverIRQHandler                         ./startup/startup_lpc824.o
PIN_INT5_IRQHandler                               ./startup/startup_lpc824.o
PIN_INT6_DriverIRQHandler                         ./startup/startup_lpc824.o
PIN_INT6_IRQHandler                               ./startup/startup_lpc824.o
PIN_INT7_DriverIRQHandler                         ./startup/startup_lpc824.o
PIN_INT7_IRQHandler                               ./startup/startup_lpc824.o
POWER_EnterDeepPowerDownMode                      ./drivers/fsl_power.o
POWER_EnterDeepSleep                              ./drivers/fsl_power.o
POWER_EnterPowerDown                              ./drivers/fsl_power.o
POWER_EnterSleep                                  ./drivers/fsl_power.o
PendSV_Handler                                    ./startup/startup_lpc824.o
RESET_PeripheralReset                             ./drivers/fsl_reset.o
                                                  ./board/board.o
                                                  ./drivers/fsl_usart.o
                                                  ./drivers/fsl_spi.o
                                                  ./drivers/fsl_gpio.o
Reserved18_DriverIRQHandler                       ./startup/startup_lpc824.o
Reserved18_IRQHandler                             ./startup/startup_lpc824.o
Reserved22_DriverIRQHandler                       ./startup/startup_lpc824.o
Reserved22_IRQHandler                             ./startup/startup_lpc824.o
Reserved39_DriverIRQHandler                       ./startup/startup_lpc824.o
Reserved39_IRQHandler                             ./startup/startup_lpc824.o
ResetISR                                          ./startup/startup_lpc824.o
SCT0_DriverIRQHandler                             ./startup/startup_lpc824.o
SCT0_IRQHandler                                   ./startup/startup_lpc824.o
SDK_DelayAtLeastUs                                ./drivers/fsl_common_arm.o
                                                  ./drivers/fsl_clock.o
SDK_Free                                          ./drivers/fsl_common.o
SDK_Malloc                                        ./drivers/fsl_common.o
SPI0_DriverIRQHandler                             ./drivers/fsl_spi.o
                                                  ./startup/startup_lpc824.o
SPI0_IRQHandler                                   ./startup/startup_lpc824.o
SPI1_DriverIRQHandler                             ./drivers/fsl_spi.o
                                                  ./startup/startup_lpc824.o
SPI1_IRQHandler                                   ./startup/startup_lpc824.o
SPI_Deinit                                        ./drivers/fsl_spi.o
SPI_GetInstance                                   ./drivers/fsl_spi.o
SPI_MasterGetDefaultConfig                        ./drivers/fsl_spi.o
                                                  ./source/spi_polling_master.o
SPI_MasterInit                                    ./drivers/fsl_spi.o
                                                  ./source/spi_polling_master.o
SPI_MasterSetBaudRate                             ./drivers/fsl_spi.o
SPI_MasterTransferAbort                           ./drivers/fsl_spi.o
SPI_MasterTransferBlocking                        ./drivers/fsl_spi.o
                                                  ./source/spi_polling_master.o
SPI_MasterTransferCreateHandle                    ./drivers/fsl_spi.o
SPI_MasterTransferGetCount                        ./drivers/fsl_spi.o
SPI_MasterTransferHandleIRQ                       ./drivers/fsl_spi.o
SPI_MasterTransferNonBlocking                     ./drivers/fsl_spi.o
SPI_SetDummyData                                  ./drivers/fsl_spi.o
SPI_SetTransferDelay                              ./drivers/fsl_spi.o
SPI_SlaveGetDefaultConfig                         ./drivers/fsl_spi.o
SPI_SlaveInit                                     ./drivers/fsl_spi.o
SPI_SlaveTransferCreateHandle                     ./drivers/fsl_spi.o
SPI_SlaveTransferHandleIRQ                        ./drivers/fsl_spi.o
SPI_SlaveTransferNonBlocking                      ./drivers/fsl_spi.o
SPI_WriteDataWithConfigFlags                      ./drivers/fsl_spi.o
SVC_Handler                                       ./startup/startup_lpc824.o
SWM_SetFixedPinSelect                             ./drivers/fsl_swm.o
SWM_SetMovablePinSelect                           ./drivers/fsl_swm.o
                                                  ./board/pin_mux.o
SYSCON_AttachSignal                               ./drivers/fsl_syscon.o
StrFormatPrintf                                   ./utilities/fsl_str.o
StrFormatScanf                                    ./utilities/fsl_str.o
                                                  ./utilities/fsl_debug_console.o
SysTick_Handler                                   ./startup/startup_lpc824.o
SystemCoreClock                                   ./device/system_LPC824.o
                                                  ./board/clock_config.o
SystemCoreClockUpdate                             ./device/system_LPC824.o
SystemInit                                        ./device/system_LPC824.o
                                                  ./startup/startup_lpc824.o
SystemInitHook                                    ./device/system_LPC824.o
USART0_DriverIRQHandler                           ./drivers/fsl_usart.o
                                                  ./startup/startup_lpc824.o
USART0_IRQHandler                                 ./startup/startup_lpc824.o
USART1_DriverIRQHandler                           ./drivers/fsl_usart.o
                                                  ./startup/startup_lpc824.o
USART1_IRQHandler                                 ./startup/startup_lpc824.o
USART2_DriverIRQHandler                           ./drivers/fsl_usart.o
                                                  ./startup/startup_lpc824.o
USART2_IRQHandler                                 ./startup/startup_lpc824.o
USART_Deinit                                      ./drivers/fsl_usart.o
                                                  ./component/uart/fsl_adapter_miniusart.o
USART_GetDefaultConfig                            ./drivers/fsl_usart.o
                                                  ./component/uart/fsl_adapter_miniusart.o
USART_GetInstance                                 ./drivers/fsl_usart.o
USART_Init                                        ./drivers/fsl_usart.o
                                                  ./component/uart/fsl_adapter_miniusart.o
USART_ReadBlocking                                ./drivers/fsl_usart.o
                                                  ./component/uart/fsl_adapter_miniusart.o
USART_SetBaudRate                                 ./drivers/fsl_usart.o
USART_TransferAbortReceive                        ./drivers/fsl_usart.o
USART_TransferAbortSend                           ./drivers/fsl_usart.o
USART_TransferCreateHandle                        ./drivers/fsl_usart.o
USART_TransferGetReceiveCount                     ./drivers/fsl_usart.o
USART_TransferGetRxRingBufferLength               ./drivers/fsl_usart.o
USART_TransferGetSendCount                        ./drivers/fsl_usart.o
USART_TransferHandleIRQ                           ./drivers/fsl_usart.o
USART_TransferReceiveNonBlocking                  ./drivers/fsl_usart.o
USART_TransferSendNonBlocking                     ./drivers/fsl_usart.o
USART_TransferStartRingBuffer                     ./drivers/fsl_usart.o
USART_TransferStopRingBuffer                      ./drivers/fsl_usart.o
USART_WriteBlocking                               ./drivers/fsl_usart.o
                                                  ./component/uart/fsl_adapter_miniusart.o
WDT_DriverIRQHandler                              ./startup/startup_lpc824.o
WDT_IRQHandler                                    ./startup/startup_lpc824.o
WKT_DriverIRQHandler                              ./startup/startup_lpc824.o
WKT_IRQHandler                                    ./startup/startup_lpc824.o
_Csys_alloc                                       c:/nxp/mcuxpressoide_11.8.0_1165/ide/plugins/com.nxp.mcuxpresso.tools.win32_11.8.0.202306131047/tools/bin/../lib/gcc/arm-none-eabi/12.2.1/../../../../arm-none-eabi/lib/thumb/v6-m/nofp\libcr_c.a(alloc.o)
                                                  c:/nxp/mcuxpressoide_11.8.0_1165/ide/plugins/com.nxp.mcuxpresso.tools.win32_11.8.0.202306131047/tools/bin/../lib/gcc/arm-none-eabi/12.2.1/../../../../arm-none-eabi/lib/thumb/v6-m/nofp\libcr_c.a(_deferredlazyseek.o)
                                                  c:/nxp/mcuxpressoide_11.8.0_1165/ide/plugins/com.nxp.mcuxpresso.tools.win32_11.8.0.202306131047/tools/bin/../lib/gcc/arm-none-eabi/12.2.1/../../../../arm-none-eabi/lib/thumb/v6-m/nofp\libcr_c.a(__fillbuf.o)
_Csys_read_                                       c:/nxp/mcuxpressoide_11.8.0_1165/ide/plugins/com.nxp.mcuxpresso.tools.win32_11.8.0.202306131047/tools/bin/../lib/gcc/arm-none-eabi/12.2.1/../../../../arm-none-eabi/lib/thumb/v6-m/nofp\libcr_c.a(__fillbuf.o)
_Cwritebuf                                        c:/nxp/mcuxpressoide_11.8.0_1165/ide/plugins/com.nxp.mcuxpresso.tools.win32_11.8.0.202306131047/tools/bin/../lib/gcc/arm-none-eabi/12.2.1/../../../../arm-none-eabi/lib/thumb/v6-m/nofp\libcr_c.a(_writebuf.o)
                                                  c:/nxp/mcuxpressoide_11.8.0_1165/ide/plugins/com.nxp.mcuxpresso.tools.win32_11.8.0.202306131047/tools/bin/../lib/gcc/arm-none-eabi/12.2.1/../../../../arm-none-eabi/lib/thumb/v6-m/nofp\libcr_c.a(_fflush.o)
                                                  c:/nxp/mcuxpressoide_11.8.0_1165/ide/plugins/com.nxp.mcuxpresso.tools.win32_11.8.0.202306131047/tools/bin/../lib/gcc/arm-none-eabi/12.2.1/../../../../arm-none-eabi/lib/thumb/v6-m/nofp\libcr_c.a(_deferredlazyseek.o)
__Ciob                                            c:/nxp/mcuxpressoide_11.8.0_1165/ide/plugins/com.nxp.mcuxpresso.tools.win32_11.8.0.202306131047/tools/bin/../lib/gcc/arm-none-eabi/12.2.1/../../../../arm-none-eabi/lib/thumb/v6-m/nofp\libcr_nohost_nf.a(__ciob.o)
                                                  c:/nxp/mcuxpressoide_11.8.0_1165/ide/plugins/com.nxp.mcuxpresso.tools.win32_11.8.0.202306131047/tools/bin/../lib/gcc/arm-none-eabi/12.2.1/../../../../arm-none-eabi/lib/thumb/v6-m/nofp\libcr_c.a(fflush.o)
                                                  c:/nxp/mcuxpressoide_11.8.0_1165/ide/plugins/com.nxp.mcuxpresso.tools.win32_11.8.0.202306131047/tools/bin/../lib/gcc/arm-none-eabi/12.2.1/../../../../arm-none-eabi/lib/thumb/v6-m/nofp\libcr_c.a(scanf.o)
                                                  c:/nxp/mcuxpressoide_11.8.0_1165/ide/plugins/com.nxp.mcuxpresso.tools.win32_11.8.0.202306131047/tools/bin/../lib/gcc/arm-none-eabi/12.2.1/../../../../arm-none-eabi/lib/thumb/v6-m/nofp\libcr_c.a(initio.o)
__Vectors                                         ./startup/startup_lpc824.o
__aeabi_cdcmpeq                                   c:/nxp/mcuxpressoide_11.8.0_1165/ide/plugins/com.nxp.mcuxpresso.tools.win32_11.8.0.202306131047/tools/bin/../lib/gcc/arm-none-eabi/12.2.1/thumb/v6-m/nofp\libcr_eabihelpers.a(double.o)
__aeabi_cdcmple                                   c:/nxp/mcuxpressoide_11.8.0_1165/ide/plugins/com.nxp.mcuxpresso.tools.win32_11.8.0.202306131047/tools/bin/../lib/gcc/arm-none-eabi/12.2.1/thumb/v6-m/nofp\libcr_eabihelpers.a(double.o)
__aeabi_cdrcmple                                  c:/nxp/mcuxpressoide_11.8.0_1165/ide/plugins/com.nxp.mcuxpresso.tools.win32_11.8.0.202306131047/tools/bin/../lib/gcc/arm-none-eabi/12.2.1/thumb/v6-m/nofp\libcr_eabihelpers.a(double.o)
__aeabi_d2f                                       c:/nxp/mcuxpressoide_11.8.0_1165/ide/plugins/com.nxp.mcuxpresso.tools.win32_11.8.0.202306131047/tools/bin/../lib/gcc/arm-none-eabi/12.2.1/thumb/v6-m/nofp\libcr_eabihelpers.a(double.o)
                                                  c:/nxp/mcuxpressoide_11.8.0_1165/ide/plugins/com.nxp.mcuxpresso.tools.win32_11.8.0.202306131047/tools/bin/../lib/gcc/arm-none-eabi/12.2.1/../../../../arm-none-eabi/lib/thumb/v6-m/nofp\libcr_c.a(scanf.o)
__aeabi_d2iz                                      c:/nxp/mcuxpressoide_11.8.0_1165/ide/plugins/com.nxp.mcuxpresso.tools.win32_11.8.0.202306131047/tools/bin/../lib/gcc/arm-none-eabi/12.2.1/thumb/v6-m/nofp\libcr_eabihelpers.a(double.o)
__aeabi_d2lz                                      c:/nxp/mcuxpressoide_11.8.0_1165/ide/plugins/com.nxp.mcuxpresso.tools.win32_11.8.0.202306131047/tools/bin/../lib/gcc/arm-none-eabi/12.2.1/thumb/v6-m/nofp\libcr_eabihelpers.a(double.o)
__aeabi_d2uiz                                     c:/nxp/mcuxpressoide_11.8.0_1165/ide/plugins/com.nxp.mcuxpresso.tools.win32_11.8.0.202306131047/tools/bin/../lib/gcc/arm-none-eabi/12.2.1/thumb/v6-m/nofp\libcr_eabihelpers.a(double.o)
__aeabi_d2ulz                                     c:/nxp/mcuxpressoide_11.8.0_1165/ide/plugins/com.nxp.mcuxpresso.tools.win32_11.8.0.202306131047/tools/bin/../lib/gcc/arm-none-eabi/12.2.1/thumb/v6-m/nofp\libcr_eabihelpers.a(double.o)
__aeabi_dadd                                      c:/nxp/mcuxpressoide_11.8.0_1165/ide/plugins/com.nxp.mcuxpresso.tools.win32_11.8.0.202306131047/tools/bin/../lib/gcc/arm-none-eabi/12.2.1/thumb/v6-m/nofp\libcr_eabihelpers.a(double.o)
                                                  c:/nxp/mcuxpressoide_11.8.0_1165/ide/plugins/com.nxp.mcuxpresso.tools.win32_11.8.0.202306131047/tools/bin/../lib/gcc/arm-none-eabi/12.2.1/../../../../arm-none-eabi/lib/thumb/v6-m/nofp\libcr_c.a(scanf.o)
__aeabi_dcmpeq                                    c:/nxp/mcuxpressoide_11.8.0_1165/ide/plugins/com.nxp.mcuxpresso.tools.win32_11.8.0.202306131047/tools/bin/../lib/gcc/arm-none-eabi/12.2.1/thumb/v6-m/nofp\libcr_eabihelpers.a(double.o)
                                                  c:/nxp/mcuxpressoide_11.8.0_1165/ide/plugins/com.nxp.mcuxpresso.tools.win32_11.8.0.202306131047/tools/bin/../lib/gcc/arm-none-eabi/12.2.1/../../../../arm-none-eabi/lib/thumb/v6-m/nofp\libcr_c.a(_ldexpl.o)
                                                  c:/nxp/mcuxpressoide_11.8.0_1165/ide/plugins/com.nxp.mcuxpresso.tools.win32_11.8.0.202306131047/tools/bin/../lib/gcc/arm-none-eabi/12.2.1/../../../../arm-none-eabi/lib/thumb/v6-m/nofp\libcr_c.a(_frexpl.o)
                                                  c:/nxp/mcuxpressoide_11.8.0_1165/ide/plugins/com.nxp.mcuxpresso.tools.win32_11.8.0.202306131047/tools/bin/../lib/gcc/arm-none-eabi/12.2.1/../../../../arm-none-eabi/lib/thumb/v6-m/nofp\libcr_c.a(scanf.o)
__aeabi_dcmpge                                    c:/nxp/mcuxpressoide_11.8.0_1165/ide/plugins/com.nxp.mcuxpresso.tools.win32_11.8.0.202306131047/tools/bin/../lib/gcc/arm-none-eabi/12.2.1/thumb/v6-m/nofp\libcr_eabihelpers.a(double.o)
                                                  c:/nxp/mcuxpressoide_11.8.0_1165/ide/plugins/com.nxp.mcuxpresso.tools.win32_11.8.0.202306131047/tools/bin/../lib/gcc/arm-none-eabi/12.2.1/../../../../arm-none-eabi/lib/thumb/v6-m/nofp\libcr_c.a(scanf.o)
__aeabi_dcmpgt                                    c:/nxp/mcuxpressoide_11.8.0_1165/ide/plugins/com.nxp.mcuxpresso.tools.win32_11.8.0.202306131047/tools/bin/../lib/gcc/arm-none-eabi/12.2.1/thumb/v6-m/nofp\libcr_eabihelpers.a(double.o)
__aeabi_dcmple                                    c:/nxp/mcuxpressoide_11.8.0_1165/ide/plugins/com.nxp.mcuxpresso.tools.win32_11.8.0.202306131047/tools/bin/../lib/gcc/arm-none-eabi/12.2.1/thumb/v6-m/nofp\libcr_eabihelpers.a(double.o)
__aeabi_dcmplt                                    c:/nxp/mcuxpressoide_11.8.0_1165/ide/plugins/com.nxp.mcuxpresso.tools.win32_11.8.0.202306131047/tools/bin/../lib/gcc/arm-none-eabi/12.2.1/thumb/v6-m/nofp\libcr_eabihelpers.a(double.o)