../drivers/fsl_clock.h:432:24:CLOCK_GetCoreSysClkFreq	8	static
../drivers/fsl_clock.h:485:24:CLOCK_GetSystemPLLFreq	8	static
../drivers/fsl_clock.h:493:24:CLOCK_GetWdtOscFreq	8	static
../drivers/fsl_clock.h:501:24:CLOCK_GetExtClkFreq	8	static
../drivers/fsl_clock.c:55:13:CLOCK_UpdateClkSrc	16	static
../drivers/fsl_clock.c:69:10:CLOCK_GetIrcFreq	8	static
../drivers/fsl_clock.c:77:10:CLOCK_GetSysOscFreq	16	static
../drivers/fsl_clock.c:90:10:CLOCK_GetMainClkFreq	16	static
../drivers/fsl_clock.c:122:10:CLOCK_GetClockOutClkFreq	16	static
../drivers/fsl_clock.c:155:10:CLOCK_GetUartClkFreq	40	static
../drivers/fsl_clock.c:168:10:CLOCK_GetUart0ClkFreq	8	static
../drivers/fsl_clock.c:176:10:CLOCK_GetUart1ClkFreq	8	static
../drivers/fsl_clock.c:184:10:CLOCK_GetUart2ClkFreq	8	static
../drivers/fsl_clock.c:192:10:CLOCK_GetFreq	24	static
../drivers/fsl_clock.c:228:10:CLOCK_GetSystemPLLInClockRate	16	static
../drivers/fsl_clock.c:255:17:findSyestemPllPsel	24	static
../drivers/fsl_clock.c:282:6:CLOCK_InitSystemPll	32	static
../drivers/fsl_clock.c:322:6:CLOCK_InitExtClkin	16	static
../drivers/fsl_clock.c:337:6:CLOCK_InitXtalin	16	static
../drivers/fsl_clock.c:359:6:CLOCK_InitSysOsc	24	static
../drivers/fsl_clock.c:394:6:CLOCK_InitWdtOsc	24	static
../drivers/fsl_clock.c:416:6:CLOCK_SetMainClkSrc	24	static
../drivers/fsl_clock.c:430:6:CLOCK_SetUARTFRGClkFreq	56	static
../drivers/fsl_clock.c:458:6:CLOCK_UpdateClkOUTsrc	8	static
