C:\Users\user\Documents\MCUXpressoIDE_11.8.0_1165\uart\spi_polling_master\CMSIS/core_cm0plus.h:741:22:__NVIC_EnableIRQ	16	static
../drivers/fsl_clock.h:343:20:CLOCK_EnableClock	16	static
../drivers/fsl_clock.h:353:20:CLOCK_DisableClock	16	static
../drivers/fsl_common_arm.h:514:24:EnableIRQ	24	static
../drivers/fsl_spi.h:371:20:SPI_Enable	16	static
../drivers/fsl_spi.h:396:24:SPI_GetStatusFlags	16	static
../drivers/fsl_spi.h:428:20:SPI_EnableInterrupts	16	static
../drivers/fsl_spi.h:442:20:SPI_DisableInterrupts	16	static
../drivers/fsl_spi.h:460:20:SPI_IsMaster	16	static
../drivers/fsl_spi.h:479:20:SPI_WriteData	16	static
../drivers/fsl_spi.h:490:20:SPI_WriteConfigFlags	16	static
../drivers/fsl_spi.h:511:24:SPI_ReadData	16	static
../drivers/fsl_spi.c:68:13:SPI_SendTransfer	24	static
../drivers/fsl_spi.c:116:13:SPI_ReceiveTransfer	24	static
../drivers/fsl_spi.c:146:10:SPI_GetInstance	24	static
../drivers/fsl_spi.c:171:6:SPI_SetDummyData	24	static
../drivers/fsl_spi.c:184:6:SPI_SetTransferDelay	16	static
../drivers/fsl_spi.c:207:6:SPI_MasterGetDefaultConfig	16	static
../drivers/fsl_spi.c:247:10:SPI_MasterInit	40	static
../drivers/fsl_spi.c:309:6:SPI_SlaveGetDefaultConfig	16	static
../drivers/fsl_spi.c:344:10:SPI_SlaveInit	24	static
../drivers/fsl_spi.c:390:6:SPI_Deinit	24	static
../drivers/fsl_spi.c:411:10:SPI_MasterSetBaudRate	32	static
../drivers/fsl_spi.c:435:6:SPI_WriteDataWithConfigFlags	32	static
../drivers/fsl_spi.c:457:10:SPI_MasterTransferBlocking	40	static
../drivers/fsl_spi.c:614:10:SPI_MasterTransferCreateHandle	32	static
../drivers/fsl_spi.c:648:10:SPI_SlaveTransferCreateHandle	24	static
../drivers/fsl_spi.c:668:10:SPI_MasterTransferNonBlocking	32	static
../drivers/fsl_spi.c:769:10:SPI_SlaveTransferNonBlocking	32	static
../drivers/fsl_spi.c:789:10:SPI_MasterTransferGetCount	24	static
../drivers/fsl_spi.c:817:6:SPI_MasterTransferAbort	16	static
../drivers/fsl_spi.c:834:6:SPI_MasterTransferHandleIRQ	24	static
../drivers/fsl_spi.c:882:6:SPI_SlaveTransferHandleIRQ	24	static
../drivers/fsl_spi.c:926:13:SPI_CommonIRQHandler	16	static
../drivers/fsl_spi.c:940:6:SPI0_DriverIRQHandler	8	static
../drivers/fsl_spi.c:949:6:SPI1_DriverIRQHandler	8	static
